
> nmi-portal@0.1.0 test:storybook
> node --max-old-space-size=8192 ./node_modules/vitest/vitest.mjs run --config vitest.storybook.config.ts --reporter=default


 RUN  v4.1.11 C:/Users/gregm/offline-site-robots-off/portal.measurement.gov.au/source-map-capture/portal.measurement.gov.au

Port 63315 is in use, trying another one...
3:24:19 pm [vite] [31m[2m(client)[22m[39m [2m[console.error] [22m[env] Missing required runtime variable: REACT_APP_APPINSIGHTS_INSTRUMENTATIONKEY
3:24:19 pm [vite] [31m[2m(client)[22m[39m [2m[console.error] [22m[env] Missing required runtime variable: REACT_APP_GA_TRACKINGID
stderr | unknown test
[env] Missing required runtime variable: REACT_APP_APPINSIGHTS_INSTRUMENTATIONKEY
stderr | unknown test
[env] Missing required runtime variable: REACT_APP_GA_TRACKINGID
stderr | unknown test
[env] Missing required runtime variable: REACT_APP_APPINSIGHTS_INSTRUMENTATIONKEY
stderr | unknown test
[env] Missing required runtime variable: REACT_APP_GA_TRACKINGID
3:24:19 pm [vite] [31m[2m(client)[22m[39m [2m[console.error] [22m[env] Missing required runtime variable: REACT_APP_APPINSIGHTS_INSTRUMENTATIONKEY
3:24:19 pm [vite] [31m[2m(client)[22m[39m [2m[console.error] [22m[env] Missing required runtime variable: REACT_APP_GA_TRACKINGID
3:24:19 pm [vite] [31m[2m(client)[22m[39m [2m[console.error] [22m[env] Missing required runtime variable: REACT_APP_APPINSIGHTS_INSTRUMENTATIONKEY
3:24:19 pm [vite] [31m[2m(client)[22m[39m [2m[console.error] [22m[env] Missing required runtime variable: REACT_APP_GA_TRACKINGID
stderr | unknown test
[env] Missing required runtime variable: REACT_APP_APPINSIGHTS_INSTRUMENTATIONKEY
stderr | unknown test
[env] Missing required runtime variable: REACT_APP_GA_TRACKINGID
stderr | unknown test
[env] Missing required runtime variable: REACT_APP_APPINSIGHTS_INSTRUMENTATIONKEY
stderr | unknown test
[env] Missing required runtime variable: REACT_APP_GA_TRACKINGID
3:24:19 pm [vite] [31m[2m(client)[22m[39m [2m[console.error] [22m[env] Missing required runtime variable: REACT_APP_APPINSIGHTS_INSTRUMENTATIONKEY
3:24:19 pm [vite] [31m[2m(client)[22m[39m [2m[console.error] [22m[env] Missing required runtime variable: REACT_APP_GA_TRACKINGID
stderr | unknown test
[env] Missing required runtime variable: REACT_APP_APPINSIGHTS_INSTRUMENTATIONKEY
stderr | unknown test
[env] Missing required runtime variable: REACT_APP_GA_TRACKINGID
3:24:19 pm [vite] [31m[2m(client)[22m[39m [2m[console.error] [22m[env] Missing required runtime variable: REACT_APP_APPINSIGHTS_INSTRUMENTATIONKEY
3:24:19 pm [vite] [31m[2m(client)[22m[39m [2m[console.error] [22m[env] Missing required runtime variable: REACT_APP_GA_TRACKINGID
stderr | unknown test
[env] Missing required runtime variable: REACT_APP_APPINSIGHTS_INSTRUMENTATIONKEY
stderr | unknown test
[env] Missing required runtime variable: REACT_APP_GA_TRACKINGID
3:24:19 pm [vite] [31m[2m(client)[22m[39m [2m[console.error] [22m[env] Missing required runtime variable: REACT_APP_APPINSIGHTS_INSTRUMENTATIONKEY
3:24:19 pm [vite] [31m[2m(client)[22m[39m [2m[console.error] [22m[env] Missing required runtime variable: REACT_APP_GA_TRACKINGID
3:24:19 pm [vite] [33m[2m(client)[22m[39m [2m[console.warn] [22m[MSW] Warning: intercepted a request without a matching request handler:

  • GET https://www.googletagmanager.com/gtag/js?id=

If you still wish to intercept this unhandled request, please create a request handler for it.
Read more: https://mswjs.io/docs/http/intercepting-requests
stderr | ClientApp/src/components/forms/WizardForm/WizardForm.stories.tsx > Step 1 Contact Details
[MSW] Warning: intercepted a request without a matching request handler:

  • GET https://www.googletagmanager.com/gtag/js?id=

If you still wish to intercept this unhandled request, please create a request handler for it.
Read more: https://mswjs.io/docs/http/intercepting-requests
stderr | unknown test
[env] Missing required runtime variable: REACT_APP_APPINSIGHTS_INSTRUMENTATIONKEY
stderr | unknown test
[env] Missing required runtime variable: REACT_APP_GA_TRACKINGID
3:24:19 pm [vite] [31m[2m(client)[22m[39m [2m[console.error] [22m[env] Missing required runtime variable: REACT_APP_APPINSIGHTS_INSTRUMENTATIONKEY
3:24:19 pm [vite] [31m[2m(client)[22m[39m [2m[console.error] [22m[env] Missing required runtime variable: REACT_APP_GA_TRACKINGID
 ✓ |storybook (chromium)| ClientApp/src/components/Alert/NotificationMessage.stories.tsx (5 tests) 3265ms
   ✓ Success  3095ms
 ✓ |storybook (chromium)| ClientApp/src/components/Header/Header.stories.tsx (2 tests) 1498ms
   ✓ Authenticated  1440ms
 ✓ |storybook (chromium)| ClientApp/src/components/Inputs/DatePicker/CustomDatePicker.stories.tsx (2 tests) 1860ms
   ✓ Collapsed  1804ms
 ✓ |storybook (chromium)| ClientApp/src/components/PaginationHeader/PaginationHeader.stories.tsx (2 tests) 1904ms
   ✓ Mid Page  1853ms
 ✓ |storybook (chromium)| ClientApp/src/components/Buttons/ButtonBreadth.stories.tsx (2 tests) 1363ms
   ✓ Grouped Actions  1304ms
 ✓ |storybook (chromium)| ClientApp/src/components/forms/WizardForm/WizardForm.stories.tsx (3 tests) 1880ms
   ✓ Step 1 Contact Details  1718ms
 ✓ |storybook (chromium)| ClientApp/src/components/RequestList/paRequestItem.stories.tsx (2 tests) 2025ms
   ✓ Draft Application  1938ms
3:24:21 pm [vite] [31m[2m(client)[22m[39m [31m[Unhandled error] [1mError[22m: Simulated render error from a broken child component.
[39m > BrokenApp ClientApp/src/components/ErrorBoundary/ErrorBoundary.stories.tsx:78:22
    76 |      render: () => {
    77 |          const BrokenApp = () => {
    78 |              throw new Error('Simulated render error from a broken child component.');
       |                        ^
    79 |          };
    80 |          return (
 > renderWithHooks node_modules/react-dom/cjs/react-dom.development.js:15486:17
 > mountIndeterminateComponent node_modules/react-dom/cjs/react-dom.development.js:20103:12
 > beginWork node_modules/react-dom/cjs/react-dom.development.js:21626:15
 > HTMLUnknownElement.callCallback node_modules/react-dom/cjs/react-dom.development.js:4164:13
 > os.invokeTarget Web%20of%20Trust.user.js:2238:288077
 > ga Web%20of%20Trust.user.js:2238:305515
 > Web%20of%20Trust.user.js:2238:289604
 > Web%20of%20Trust.user.js:2238:288278
 > HTMLUnknownElement.dispatchEvent Web%20of%20Trust.user.js:2238:287500

3:24:21 pm [vite] [31m[2m(client)[22m[39m [31m[Unhandled error] [1mError[22m: Simulated render error from a broken child component.
[39m > BrokenApp ClientApp/src/components/ErrorBoundary/ErrorBoundary.stories.tsx:78:22
    76 |      render: () => {
    77 |          const BrokenApp = () => {
    78 |              throw new Error('Simulated render error from a broken child component.');
       |                        ^
    79 |          };
    80 |          return (
 > renderWithHooks node_modules/react-dom/cjs/react-dom.development.js:15486:17
 > mountIndeterminateComponent node_modules/react-dom/cjs/react-dom.development.js:20103:12
 > beginWork node_modules/react-dom/cjs/react-dom.development.js:21626:15
 > HTMLUnknownElement.callCallback node_modules/react-dom/cjs/react-dom.development.js:4164:13
 > os.invokeTarget Web%20of%20Trust.user.js:2238:288077
 > ga Web%20of%20Trust.user.js:2238:305515
 > Web%20of%20Trust.user.js:2238:289604
 > Web%20of%20Trust.user.js:2238:288278
 > HTMLUnknownElement.dispatchEvent Web%20of%20Trust.user.js:2238:287500

3:24:21 pm [vite] [31m[2m(client)[22m[39m [31m[Unhandled error] [1mError[22m: Inner component error
[39m > BrokenChild ClientApp/src/components/ErrorBoundary/ErrorBoundary.stories.tsx:114:22
    112 |      render: () => {
    113 |          const BrokenChild = () => {
    114 |              throw new Error('Inner component error');
        |                        ^
    115 |          };
    116 |          return (
 > renderWithHooks node_modules/react-dom/cjs/react-dom.development.js:15486:17
 > mountIndeterminateComponent node_modules/react-dom/cjs/react-dom.development.js:20103:12
 > beginWork node_modules/react-dom/cjs/react-dom.development.js:21626:15
 > HTMLUnknownElement.callCallback node_modules/react-dom/cjs/react-dom.development.js:4164:13
 > os.invokeTarget Web%20of%20Trust.user.js:2238:288077
 > ga Web%20of%20Trust.user.js:2238:305515
 > Web%20of%20Trust.user.js:2238:289604
 > Web%20of%20Trust.user.js:2238:288278
 > HTMLUnknownElement.dispatchEvent Web%20of%20Trust.user.js:2238:287500

3:24:21 pm [vite] [31m[2m(client)[22m[39m [31m[Unhandled error] [1mError[22m: Inner component error
[39m > BrokenChild ClientApp/src/components/ErrorBoundary/ErrorBoundary.stories.tsx:114:22
    112 |      render: () => {
    113 |          const BrokenChild = () => {
    114 |              throw new Error('Inner component error');
        |                        ^
    115 |          };
    116 |          return (
 > renderWithHooks node_modules/react-dom/cjs/react-dom.development.js:15486:17
 > mountIndeterminateComponent node_modules/react-dom/cjs/react-dom.development.js:20103:12
 > beginWork node_modules/react-dom/cjs/react-dom.development.js:21626:15
 > HTMLUnknownElement.callCallback node_modules/react-dom/cjs/react-dom.development.js:4164:13
 > os.invokeTarget Web%20of%20Trust.user.js:2238:288077
 > ga Web%20of%20Trust.user.js:2238:305515
 > Web%20of%20Trust.user.js:2238:289604
 > Web%20of%20Trust.user.js:2238:288278
 > HTMLUnknownElement.dispatchEvent Web%20of%20Trust.user.js:2238:287500

 ✓ |storybook (chromium)| ClientApp/src/components/ErrorBoundary/ErrorBoundary.stories.tsx (4 tests) 2362ms
   ✓ No Error  2159ms
 ✓ |storybook (chromium)| ClientApp/src/routes/ta/manage/appMessages.stories.tsx (1 test) 2256ms
   ✓ Messages Tab  2252ms
 ✓ |storybook (chromium)| ClientApp/src/routes/measurementReport/reportList.stories.tsx (2 tests) 2413ms
   ✓ Populated  2347ms
 ✓ |storybook (chromium)| ClientApp/src/routes/requestForQuote/viewRequestForQuoteSummary.stories.tsx (1 test) 1165ms
   ✓ Loading  1161ms
 ✓ |storybook (chromium)| ClientApp/src/routes/dashboard/Dashboard.stories.tsx (4 tests) 3385ms
   ✓ Populated  2882ms
3:24:30 pm [vite] [31m[2m(client)[22m[39m [2m[console.error] [22m[env] Missing required runtime variable: REACT_APP_APPINSIGHTS_INSTRUMENTATIONKEY
3:24:30 pm [vite] [31m[2m(client)[22m[39m [2m[console.error] [22m[env] Missing required runtime variable: REACT_APP_GA_TRACKINGID
stderr | unknown test
[env] Missing required runtime variable: REACT_APP_APPINSIGHTS_INSTRUMENTATIONKEY
stderr | unknown test
[env] Missing required runtime variable: REACT_APP_GA_TRACKINGID
 ✓ |storybook (chromium)| ClientApp/src/components/forms/ErrorSummary/ErrorSummary.stories.tsx (4 tests) 1261ms
   ✓ Server Error  1118ms
 ✓ |storybook (chromium)| ClientApp/src/components/Buttons/PrimaryButton/PrimaryButton.stories.tsx (5 tests) 2053ms
   ✓ Default  1885ms
 ✓ |storybook (chromium)| ClientApp/src/components/Accordion/Accordion.stories.tsx (2 tests) 1691ms
   ✓ Single Section  1647ms
3:24:33 pm [vite] [31m[2m(client)[22m[39m [2m[console.error] [22m[env] Missing required runtime variable: REACT_APP_APPINSIGHTS_INSTRUMENTATIONKEY
3:24:33 pm [vite] [31m[2m(client)[22m[39m [2m[console.error] [22m[env] Missing required runtime variable: REACT_APP_GA_TRACKINGID
stderr | unknown test
[env] Missing required runtime variable: REACT_APP_APPINSIGHTS_INSTRUMENTATIONKEY
stderr | unknown test
[env] Missing required runtime variable: REACT_APP_GA_TRACKINGID
3:24:33 pm [vite] [31m[2m(client)[22m[39m [2m[console.error] [22m[env] Missing required runtime variable: REACT_APP_APPINSIGHTS_INSTRUMENTATIONKEY
3:24:33 pm [vite] [31m[2m(client)[22m[39m [2m[console.error] [22m[env] Missing required runtime variable: REACT_APP_GA_TRACKINGID
stderr | unknown test
[env] Missing required runtime variable: REACT_APP_APPINSIGHTS_INSTRUMENTATIONKEY
stderr | unknown test
[env] Missing required runtime variable: REACT_APP_GA_TRACKINGID
 ✓ |storybook (chromium)| ClientApp/src/components/RequestList/Dashboard.stories.tsx (4 tests) 1720ms
   ✓ Draft Request  1414ms
3:24:34 pm [vite] [33m[2m(client)[22m[39m [2m[console.warn] [22m[MSW] Warning: intercepted a request without a matching request handler:

  • GET /api/lookup?LookupType=TCPortalMeasurementCategory

If you still wish to intercept this unhandled request, please create a request handler for it.
Read more: https://mswjs.io/docs/http/intercepting-requests
3:24:34 pm [vite] [33m[2m(client)[22m[39m [2m[console.warn] [22m[MSW] Warning: intercepted a request without a matching request handler:

  • GET /api/lookup?LookupType=TCArtefactTypePortalCategory

If you still wish to intercept this unhandled request, please create a request handler for it.
Read more: https://mswjs.io/docs/http/intercepting-requests
stderr | ClientApp/src/routes/requestForQuote/requestForQuoteSummary.stories.tsx > Editable
[MSW] Warning: intercepted a request without a matching request handler:

  • GET /api/lookup?LookupType=TCPortalMeasurementCategory

If you still wish to intercept this unhandled request, please create a request handler for it.
Read more: https://mswjs.io/docs/http/intercepting-requests
stderr | ClientApp/src/routes/requestForQuote/requestForQuoteSummary.stories.tsx > Editable
[MSW] Warning: intercepted a request without a matching request handler:

  • GET /api/lookup?LookupType=TCArtefactTypePortalCategory

If you still wish to intercept this unhandled request, please create a request handler for it.
Read more: https://mswjs.io/docs/http/intercepting-requests
 ✓ |storybook (chromium)| ClientApp/src/routes/ta/supportingDocuments.stories.tsx (1 test) 1497ms
   ✓ Edit Step  1495ms
stderr | ClientApp/src/routes/requestForQuote/requestForQuoteSummary.stories.tsx > Submitted
[MSW] Warning: intercepted a request without a matching request handler:

  • GET /api/lookup?LookupType=TCPortalMeasurementCategory

If you still wish to intercept this unhandled request, please create a request handler for it.
Read more: https://mswjs.io/docs/http/intercepting-requests
stderr | ClientApp/src/routes/requestForQuote/requestForQuoteSummary.stories.tsx > Submitted
[MSW] Warning: intercepted a request without a matching request handler:

  • GET /api/lookup?LookupType=TCArtefactTypePortalCategory

If you still wish to intercept this unhandled request, please create a request handler for it.
Read more: https://mswjs.io/docs/http/intercepting-requests
 ✓ |storybook (chromium)| ClientApp/src/routes/requestForQuote/requestForQuoteSummary.stories.tsx (2 tests) 2896ms
   ✓ Editable  2836ms
3:24:36 pm [vite] [33m[2m(client)[22m[39m [2m[console.warn] [22m[MSW] Warning: intercepted a request without a matching request handler:

  • GET /api/lookup?LookupType=TCPortalMeasurementCategory

If you still wish to intercept this unhandled request, please create a request handler for it.
Read more: https://mswjs.io/docs/http/intercepting-requests
3:24:36 pm [vite] [33m[2m(client)[22m[39m [2m[console.warn] [22m[MSW] Warning: intercepted a request without a matching request handler:

  • GET /api/lookup?LookupType=TCArtefactTypePortalCategory

If you still wish to intercept this unhandled request, please create a request handler for it.
Read more: https://mswjs.io/docs/http/intercepting-requests
 ✓ |storybook (chromium)| ClientApp/src/components/Home.stories.tsx (1 test) 2060ms
   ✓ Public Landing  2060ms
 ✓ |storybook (chromium)| ClientApp/src/components/forms/FormBanner/FormBanner.stories.tsx (4 tests) 1920ms
   ✓ Save And Exit  1739ms
 ✓ |storybook (chromium)| ClientApp/src/components/tiles/StandardPathway/StandardPathway.stories.tsx (2 tests) 2953ms
   ✓ Internal Navigation  2907ms
 ✓ |storybook (chromium)| ClientApp/src/routes/account/AccountCreated.stories.tsx (1 test) 1274ms
   ✓ Default  1273ms
 ✓ |storybook (chromium)| ClientApp/src/components/modals/ContentModal/ContentModal.stories.tsx (2 tests) 2166ms
   ✓ Open With Content  2125ms
 ✓ |storybook (chromium)| ClientApp/src/components/SlateEditor/SlateEditor.stories.tsx (2 tests) 1337ms
   ✓ Default  1255ms
 ✓ |storybook (chromium)| ClientApp/src/routes/contact/ContactRoute.stories.tsx (2 tests) 1550ms
   ✓ Default  1463ms
3:24:43 pm [vite] [31m[2m(client)[22m[39m [2m[console.error] [22m[env] Missing required runtime variable: REACT_APP_APPINSIGHTS_INSTRUMENTATIONKEY
3:24:43 pm [vite] [31m[2m(client)[22m[39m [2m[console.error] [22m[env] Missing required runtime variable: REACT_APP_GA_TRACKINGID
stderr | unknown test
[env] Missing required runtime variable: REACT_APP_APPINSIGHTS_INSTRUMENTATIONKEY
stderr | unknown test
[env] Missing required runtime variable: REACT_APP_GA_TRACKINGID
 ✓ |storybook (chromium)| ClientApp/src/components/SummaryDisplay/SummaryDisplay.stories.tsx (6 tests) 998ms
   ✓ Text Value  813ms
 ✓ |storybook (chromium)| ClientApp/src/routes/acceptQuote/SubmittedSuccess.stories.tsx (2 tests) 1791ms
   ✓ Prepaid  1701ms
 ✓ |storybook (chromium)| ClientApp/src/components/Pagination/Pagination.stories.tsx (5 tests) 1745ms
   ✓ Mid Range  1507ms
stderr | unknown test
[env] Missing required runtime variable: REACT_APP_APPINSIGHTS_INSTRUMENTATIONKEY
stderr | unknown test
[env] Missing required runtime variable: REACT_APP_GA_TRACKINGID
3:24:49 pm [vite] [31m[2m(client)[22m[39m [2m[console.error] [22m[env] Missing required runtime variable: REACT_APP_APPINSIGHTS_INSTRUMENTATIONKEY
3:24:49 pm [vite] [31m[2m(client)[22m[39m [2m[console.error] [22m[env] Missing required runtime variable: REACT_APP_GA_TRACKINGID
 ✓ |storybook (chromium)| ClientApp/src/components/Progress/ProgressBar.stories.tsx (3 tests) 1392ms
   ✓ In Progress  1319ms
3:24:51 pm [vite] [31m[2m(client)[22m[39m [2m[console.error] [22m[env] Missing required runtime variable: REACT_APP_APPINSIGHTS_INSTRUMENTATIONKEY
3:24:51 pm [vite] [31m[2m(client)[22m[39m [2m[console.error] [22m[env] Missing required runtime variable: REACT_APP_GA_TRACKINGID
stderr | unknown test
[env] Missing required runtime variable: REACT_APP_APPINSIGHTS_INSTRUMENTATIONKEY
stderr | unknown test
[env] Missing required runtime variable: REACT_APP_GA_TRACKINGID
stderr | unknown test
[env] Missing required runtime variable: REACT_APP_APPINSIGHTS_INSTRUMENTATIONKEY
stderr | unknown test
[env] Missing required runtime variable: REACT_APP_GA_TRACKINGID
3:24:51 pm [vite] [31m[2m(client)[22m[39m [2m[console.error] [22m[env] Missing required runtime variable: REACT_APP_APPINSIGHTS_INSTRUMENTATIONKEY
3:24:51 pm [vite] [31m[2m(client)[22m[39m [2m[console.error] [22m[env] Missing required runtime variable: REACT_APP_GA_TRACKINGID
3:24:52 pm [vite] [31m[2m(client)[22m[39m [2m[console.error] [22m[env] Missing required runtime variable: REACT_APP_APPINSIGHTS_INSTRUMENTATIONKEY
3:24:52 pm [vite] [31m[2m(client)[22m[39m [2m[console.error] [22m[env] Missing required runtime variable: REACT_APP_GA_TRACKINGID
stderr | unknown test
[env] Missing required runtime variable: REACT_APP_APPINSIGHTS_INSTRUMENTATIONKEY
stderr | unknown test
[env] Missing required runtime variable: REACT_APP_GA_TRACKINGID
stderr | ClientApp/src/components/Layout/Layout.stories.tsx > Portal Shell
[MSW] Warning: intercepted a request without a matching request handler:

  • GET https://www.googletagmanager.com/gtag/js?id=

If you still wish to intercept this unhandled request, please create a request handler for it.
Read more: https://mswjs.io/docs/http/intercepting-requests
3:24:52 pm [vite] [33m[2m(client)[22m[39m [2m[console.warn] [22m[MSW] Warning: intercepted a request without a matching request handler:

  • GET https://www.googletagmanager.com/gtag/js?id=

If you still wish to intercept this unhandled request, please create a request handler for it.
Read more: https://mswjs.io/docs/http/intercepting-requests
 ✓ |storybook (chromium)| ClientApp/src/components/Layout/Layout.stories.tsx (1 test) 1362ms
   ✓ Portal Shell  1361ms
 ✓ |storybook (chromium)| ClientApp/src/routes/measurementReport/indexList.stories.tsx (1 test) 1178ms
   ✓ Shell  1177ms
 ✓ |storybook (chromium)| ClientApp/src/components/modals/Modals.stories.tsx (5 tests) 3429ms
   ✓ Confirmation Open  2857ms
3:24:54 pm [vite] [31m[2m(client)[22m[39m [2m[console.error] [22m[env] Missing required runtime variable: REACT_APP_APPINSIGHTS_INSTRUMENTATIONKEY
3:24:54 pm [vite] [31m[2m(client)[22m[39m [2m[console.error] [22m[env] Missing required runtime variable: REACT_APP_GA_TRACKINGID
stderr | unknown test
[env] Missing required runtime variable: REACT_APP_APPINSIGHTS_INSTRUMENTATIONKEY
stderr | unknown test
[env] Missing required runtime variable: REACT_APP_GA_TRACKINGID
 ✓ |storybook (chromium)| ClientApp/src/routes/help-guide/HelpGuideDetail.stories.tsx (2 tests) 1428ms
   ✓ How To Setup Access  1249ms
3:24:54 pm [vite] [31m[2m(client)[22m[39m [2m[console.error] [22m[env] Missing required runtime variable: REACT_APP_APPINSIGHTS_INSTRUMENTATIONKEY
3:24:54 pm [vite] [31m[2m(client)[22m[39m [2m[console.error] [22m[env] Missing required runtime variable: REACT_APP_GA_TRACKINGID
stderr | unknown test
[env] Missing required runtime variable: REACT_APP_APPINSIGHTS_INSTRUMENTATIONKEY
stderr | unknown test
[env] Missing required runtime variable: REACT_APP_GA_TRACKINGID
 ✓ |storybook (chromium)| ClientApp/src/routes/requestForQuote/RequestForQuote.stories.tsx (4 tests) 2240ms
   ✓ Organisation And Contact Step  1819ms
3:24:55 pm [vite] [31m[2m(client)[22m[39m [2m[console.error] [22m[env] Missing required runtime variable: REACT_APP_APPINSIGHTS_INSTRUMENTATIONKEY
3:24:55 pm [vite] [31m[2m(client)[22m[39m [2m[console.error] [22m[env] Missing required runtime variable: REACT_APP_GA_TRACKINGID
stderr | unknown test
[env] Missing required runtime variable: REACT_APP_APPINSIGHTS_INSTRUMENTATIONKEY
stderr | unknown test
[env] Missing required runtime variable: REACT_APP_GA_TRACKINGID
 ✓ |storybook (chromium)| ClientApp/src/components/SearchFilter/TypeApproval/paFilterMenu.stories.tsx (2 tests) 1603ms
   ✓ Closed  1508ms
 ✓ |storybook (chromium)| ClientApp/src/routes/ta/organisationAndContact.stories.tsx (1 test) 1768ms
   ✓ Edit Step  1767ms
 ✓ |storybook (chromium)| ClientApp/src/components/Inputs/AddressLookup/AddressLookup.stories.tsx (2 tests) 1307ms
   ✓ Default  1219ms
3:25:00 pm [vite] [31m[2m(client)[22m[39m [2m[console.error] [22m[env] Missing required runtime variable: REACT_APP_APPINSIGHTS_INSTRUMENTATIONKEY
3:25:00 pm [vite] [31m[2m(client)[22m[39m [2m[console.error] [22m[env] Missing required runtime variable: REACT_APP_GA_TRACKINGID
stderr | unknown test
[env] Missing required runtime variable: REACT_APP_APPINSIGHTS_INSTRUMENTATIONKEY
stderr | unknown test
[env] Missing required runtime variable: REACT_APP_GA_TRACKINGID
3:25:00 pm [vite] [31m[2m(client)[22m[39m [2m[console.error] [22m[env] Missing required runtime variable: REACT_APP_APPINSIGHTS_INSTRUMENTATIONKEY
3:25:00 pm [vite] [31m[2m(client)[22m[39m [2m[console.error] [22m[env] Missing required runtime variable: REACT_APP_GA_TRACKINGID
stderr | unknown test
[env] Missing required runtime variable: REACT_APP_APPINSIGHTS_INSTRUMENTATIONKEY
stderr | unknown test
[env] Missing required runtime variable: REACT_APP_GA_TRACKINGID
3:25:02 pm [vite] [33m[2m(client)[22m[39m [2m[console.warn] [22m[MSW] Warning: intercepted a request without a matching request handler:

  • GET https://www.googletagmanager.com/gtag/js?id=

If you still wish to intercept this unhandled request, please create a request handler for it.
Read more: https://mswjs.io/docs/http/intercepting-requests
stderr | ClientApp/src/routes/preConditions/PreConditions.stories.tsx > Renders Protected Content
[MSW] Warning: intercepted a request without a matching request handler:

  • GET https://www.googletagmanager.com/gtag/js?id=

If you still wish to intercept this unhandled request, please create a request handler for it.
Read more: https://mswjs.io/docs/http/intercepting-requests
3:25:02 pm [vite] [31m[2m(client)[22m[39m [2m[console.error] [22m[env] Missing required runtime variable: REACT_APP_APPINSIGHTS_INSTRUMENTATIONKEY
3:25:02 pm [vite] [31m[2m(client)[22m[39m [2m[console.error] [22m[env] Missing required runtime variable: REACT_APP_GA_TRACKINGID
stderr | unknown test
[env] Missing required runtime variable: REACT_APP_APPINSIGHTS_INSTRUMENTATIONKEY
stderr | unknown test
[env] Missing required runtime variable: REACT_APP_GA_TRACKINGID
 ✓ |storybook (chromium)| ClientApp/src/routes/preConditions/PreConditions.stories.tsx (1 test) 1658ms
   ✓ Renders Protected Content  1657ms
 ✓ |storybook (chromium)| ClientApp/src/routes/measurementReport/MeasurementReport.stories.tsx (2 tests) 2126ms
   ✓ Report View  2070ms
 ✓ |storybook (chromium)| ClientApp/src/components/get-started/GetStarted.stories.tsx (2 tests) 1803ms
   ✓ Public Landing  1744ms
 ✓ |storybook (chromium)| ClientApp/src/routes/account/AccountRoute.stories.tsx (2 tests) 4021ms
   ✓ Organisation Details  3570ms
   ✓ Organisation Details Validation  450ms
 ✓ |storybook (chromium)| ClientApp/src/components/RequestList/InstrumentItem.stories.tsx (2 tests) 2152ms
   ✓ Reports Tab  2044ms
3:25:07 pm [vite] [31m[2m(client)[22m[39m [2m[console.error] [22m[env] Missing required runtime variable: REACT_APP_APPINSIGHTS_INSTRUMENTATIONKEY
3:25:07 pm [vite] [31m[2m(client)[22m[39m [2m[console.error] [22m[env] Missing required runtime variable: REACT_APP_GA_TRACKINGID
stderr | unknown test
[env] Missing required runtime variable: REACT_APP_APPINSIGHTS_INSTRUMENTATIONKEY
stderr | unknown test
[env] Missing required runtime variable: REACT_APP_GA_TRACKINGID
 ✓ |storybook (chromium)| ClientApp/src/components/BodyText/BodyText.stories.tsx (2 tests) 1333ms
   ✓ Default  1294ms
 ✓ |storybook (chromium)| ClientApp/src/components/forms/Forms.stories.tsx (13 tests) 2594ms
   ✓ All Inputs Showcase  2109ms
 ✓ |storybook (chromium)| ClientApp/src/components/Utilities/routeAccessibleNavigation.stories.tsx (1 test) 2096ms
   ✓ Live Region  2095ms
 ✓ |storybook (chromium)| ClientApp/src/routes/ta/manage/appDetails.stories.tsx (1 test) 1799ms
   ✓ Details Tab  1798ms
stderr | unknown test
[env] Missing required runtime variable: REACT_APP_APPINSIGHTS_INSTRUMENTATIONKEY
stderr | unknown test
[env] Missing required runtime variable: REACT_APP_GA_TRACKINGID
3:25:11 pm [vite] [31m[2m(client)[22m[39m [2m[console.error] [22m[env] Missing required runtime variable: REACT_APP_APPINSIGHTS_INSTRUMENTATIONKEY
3:25:11 pm [vite] [31m[2m(client)[22m[39m [2m[console.error] [22m[env] Missing required runtime variable: REACT_APP_GA_TRACKINGID
 ✓ |storybook (chromium)| ClientApp/src/components/Inputs/DatePicker/CustomDateInput.stories.tsx (2 tests) 1370ms
   ✓ Default  1331ms
 ✓ |storybook (chromium)| ClientApp/src/components/Footer/Footer.stories.tsx (4 tests) 2657ms
   ✓ Default  1979ms
stderr | unknown test
[env] Missing required runtime variable: REACT_APP_APPINSIGHTS_INSTRUMENTATIONKEY
stderr | unknown test
[env] Missing required runtime variable: REACT_APP_GA_TRACKINGID
3:25:14 pm [vite] [31m[2m(client)[22m[39m [2m[console.error] [22m[env] Missing required runtime variable: REACT_APP_APPINSIGHTS_INSTRUMENTATIONKEY
3:25:14 pm [vite] [31m[2m(client)[22m[39m [2m[console.error] [22m[env] Missing required runtime variable: REACT_APP_GA_TRACKINGID
 ✓ |storybook (chromium)| ClientApp/src/components/SteppedNavigation/SteppedNavigation.stories.tsx (1 test) 1638ms
   ✓ Current Step  1638ms
 ✓ |storybook (chromium)| ClientApp/src/routes/acceptQuote/AcceptQuote.stories.tsx (7 tests) 2924ms
   ✓ Report Recipient Step  2205ms
stderr | unknown test
[env] Missing required runtime variable: REACT_APP_APPINSIGHTS_INSTRUMENTATIONKEY
stderr | unknown test
[env] Missing required runtime variable: REACT_APP_GA_TRACKINGID
3:25:15 pm [vite] [31m[2m(client)[22m[39m [2m[console.error] [22m[env] Missing required runtime variable: REACT_APP_APPINSIGHTS_INSTRUMENTATIONKEY
3:25:15 pm [vite] [31m[2m(client)[22m[39m [2m[console.error] [22m[env] Missing required runtime variable: REACT_APP_GA_TRACKINGID
 ✓ |storybook (chromium)| ClientApp/src/components/SearchFilter/SearchFilter.stories.tsx (2 tests) 1536ms
   ✓ Dashboard Filters  1474ms
 ✓ |storybook (chromium)| ClientApp/src/components/Inputs/AutoSuggest/AutoSuggestOption.stories.tsx (2 tests) 1425ms
   ✓ Default  1384ms
 ✓ |storybook (chromium)| ClientApp/src/components/SearchFilter/filterMenu.stories.tsx (3 tests) 1486ms
   ✓ Closed  1346ms
 ✓ |storybook (chromium)| ClientApp/src/routes/requestForQuote/RequestForQuoteCreated.stories.tsx (1 test) 2094ms
   ✓ Submitted  2093ms
3:25:22 pm [vite] [31m[2m(client)[22m[39m [2m[console.error] [22m[env] Missing required runtime variable: REACT_APP_APPINSIGHTS_INSTRUMENTATIONKEY
3:25:22 pm [vite] [31m[2m(client)[22m[39m [2m[console.error] [22m[env] Missing required runtime variable: REACT_APP_GA_TRACKINGID
stderr | unknown test
[env] Missing required runtime variable: REACT_APP_APPINSIGHTS_INSTRUMENTATIONKEY
stderr | unknown test
[env] Missing required runtime variable: REACT_APP_GA_TRACKINGID
 ✓ |storybook (chromium)| ClientApp/src/components/BlockUISpinner/BlockUISpinner.stories.tsx (2 tests) 4504ms
   ✓ Full Page  4459ms
stderr | unknown test
[env] Missing required runtime variable: REACT_APP_APPINSIGHTS_INSTRUMENTATIONKEY
stderr | unknown test
[env] Missing required runtime variable: REACT_APP_GA_TRACKINGID
3:25:22 pm [vite] [31m[2m(client)[22m[39m [2m[console.error] [22m[env] Missing required runtime variable: REACT_APP_APPINSIGHTS_INSTRUMENTATIONKEY
3:25:22 pm [vite] [31m[2m(client)[22m[39m [2m[console.error] [22m[env] Missing required runtime variable: REACT_APP_GA_TRACKINGID
3:25:23 pm [vite] [31m[2m(client)[22m[39m [2m[console.error] [22m[env] Missing required runtime variable: REACT_APP_APPINSIGHTS_INSTRUMENTATIONKEY
3:25:23 pm [vite] [31m[2m(client)[22m[39m [2m[console.error] [22m[env] Missing required runtime variable: REACT_APP_GA_TRACKINGID
stderr | unknown test
[env] Missing required runtime variable: REACT_APP_APPINSIGHTS_INSTRUMENTATIONKEY
stderr | unknown test
[env] Missing required runtime variable: REACT_APP_GA_TRACKINGID
stderr | unknown test
[env] Missing required runtime variable: REACT_APP_APPINSIGHTS_INSTRUMENTATIONKEY
stderr | unknown test
[env] Missing required runtime variable: REACT_APP_GA_TRACKINGID
3:25:23 pm [vite] [31m[2m(client)[22m[39m [2m[console.error] [22m[env] Missing required runtime variable: REACT_APP_APPINSIGHTS_INSTRUMENTATIONKEY
3:25:23 pm [vite] [31m[2m(client)[22m[39m [2m[console.error] [22m[env] Missing required runtime variable: REACT_APP_GA_TRACKINGID
 ✓ |storybook (chromium)| ClientApp/src/components/Pill/Pill.stories.tsx (2 tests) 2749ms
   ✓ Dashboard Statuses  2713ms
 ✓ |storybook (chromium)| ClientApp/src/components/SearchFilter/searchBox.stories.tsx (3 tests) 1962ms
   ✓ Empty  1771ms
 ✓ |storybook (chromium)| ClientApp/src/routes/account/organisationDetails.stories.tsx (1 test) 1623ms
   ✓ Default  1622ms
 ✓ |storybook (chromium)| ClientApp/src/routes/ta/manage/appDocuments.stories.tsx (1 test) 1302ms
   ✓ Documents Tab  1301ms
 ✓ |storybook (chromium)| ClientApp/src/components/Utilities/Utilities.stories.tsx (4 tests) 1175ms
   ✓ Contact Actions  1039ms
 ✓ |storybook (chromium)| ClientApp/src/components/SearchFilter/TypeApproval/paSearchFilter.stories.tsx (1 test) 1355ms
   ✓ Default  1354ms
 ✓ |storybook (chromium)| ClientApp/src/routes/ta/preApplication.stories.tsx (1 test) 1738ms
   ✓ Default  1737ms
 ✓ |storybook (chromium)| ClientApp/src/components/RouteLeavingGuard/RouteLeavingGuard.stories.tsx (4 tests) 2023ms
   ✓ Idle — guard inactive  1648ms
 ✓ |storybook (chromium)| ClientApp/src/components/Alert/Alert.stories.tsx (4 tests) 1938ms
   ✓ Info  1819ms
 ✓ |storybook (chromium)| ClientApp/src/routes/common/ErrorRoutes.stories.tsx (8 tests) 1502ms
   ✓ Not Found  1194ms
 ✓ |storybook (chromium)| ClientApp/src/routes/help-guide/HelpGuide.stories.tsx (2 tests) 1805ms
   ✓ Authenticated Journey  1747ms
3:25:32 pm [vite] [31m[2m(client)[22m[39m [2m[console.error] [22m[env] Missing required runtime variable: REACT_APP_APPINSIGHTS_INSTRUMENTATIONKEY
3:25:32 pm [vite] [31m[2m(client)[22m[39m [2m[console.error] [22m[env] Missing required runtime variable: REACT_APP_GA_TRACKINGID
stderr | unknown test
[env] Missing required runtime variable: REACT_APP_APPINSIGHTS_INSTRUMENTATIONKEY
stderr | unknown test
[env] Missing required runtime variable: REACT_APP_GA_TRACKINGID
stderr | ClientApp/src/routes/services-we-offer/ServicesWeOffer.stories.tsx > Default
[MSW] Warning: intercepted a request without a matching request handler:

  • GET /api/lookup/services

If you still wish to intercept this unhandled request, please create a request handler for it.
Read more: https://mswjs.io/docs/http/intercepting-requests
3:25:34 pm [vite] [33m[2m(client)[22m[39m [2m[console.warn] [22m[MSW] Warning: intercepted a request without a matching request handler:

  • GET /api/lookup/services

If you still wish to intercept this unhandled request, please create a request handler for it.
Read more: https://mswjs.io/docs/http/intercepting-requests
 ✓ |storybook (chromium)| ClientApp/src/routes/services-we-offer/ServicesWeOffer.stories.tsx (1 test) 1964ms
   ✓ Default  1963ms
 ✓ |storybook (chromium)| ClientApp/src/components/Icons/Icons.stories.tsx (1 test) 1850ms
   ✓ External Link  1849ms
stderr | unknown test
[env] Missing required runtime variable: REACT_APP_APPINSIGHTS_INSTRUMENTATIONKEY
stderr | unknown test
[env] Missing required runtime variable: REACT_APP_GA_TRACKINGID
3:25:36 pm [vite] [31m[2m(client)[22m[39m [2m[console.error] [22m[env] Missing required runtime variable: REACT_APP_APPINSIGHTS_INSTRUMENTATIONKEY
3:25:36 pm [vite] [31m[2m(client)[22m[39m [2m[console.error] [22m[env] Missing required runtime variable: REACT_APP_GA_TRACKINGID
 ✓ |storybook (chromium)| ClientApp/src/components/Progress/ProgressFileList.stories.tsx (3 tests) 1515ms
   ✓ Uploading  1392ms
3:25:37 pm [vite] [31m[2m(client)[22m[39m [2m[console.error] [22m[env] Missing required runtime variable: REACT_APP_APPINSIGHTS_INSTRUMENTATIONKEY
3:25:37 pm [vite] [31m[2m(client)[22m[39m [2m[console.error] [22m[env] Missing required runtime variable: REACT_APP_GA_TRACKINGID
stderr | unknown test
[env] Missing required runtime variable: REACT_APP_APPINSIGHTS_INSTRUMENTATIONKEY
stderr | unknown test
[env] Missing required runtime variable: REACT_APP_GA_TRACKINGID
 ✓ |storybook (chromium)| ClientApp/src/components/Inputs/Attachment/index-new.stories.tsx (1 test) 1499ms
   ✓ Empty Uploader  1498ms
 ✓ |storybook (chromium)| ClientApp/src/components/Utilities/ViewMeasurementReport.stories.tsx (1 test) 1451ms
   ✓ Default  1450ms
 ✓ |storybook (chromium)| ClientApp/src/components/InTextLink/InTextLink.stories.tsx (3 tests) 1244ms
   ✓ External  1157ms
 ✓ |storybook (chromium)| ClientApp/src/routes/dashboard/dashboard-ta.stories.tsx (1 test) 1601ms
   ✓ Shell  1600ms
 ✓ |storybook (chromium)| ClientApp/src/components/Welcome/Welcome.stories.tsx (3 tests) 2114ms
   ✓ Default  2047ms
 ✓ |storybook (chromium)| ClientApp/src/components/Actions/Actions.stories.tsx (2 tests) 4828ms
   ✓ Text Button  4794ms
3:25:46 pm [vite] [31m[2m(client)[22m[39m [2m[console.error] [22m[env] Missing required runtime variable: REACT_APP_APPINSIGHTS_INSTRUMENTATIONKEY
3:25:46 pm [vite] [31m[2m(client)[22m[39m [2m[console.error] [22m[env] Missing required runtime variable: REACT_APP_GA_TRACKINGID
stderr | unknown test
[env] Missing required runtime variable: REACT_APP_APPINSIGHTS_INSTRUMENTATIONKEY
stderr | unknown test
[env] Missing required runtime variable: REACT_APP_GA_TRACKINGID
stderr | unknown test
[env] Missing required runtime variable: REACT_APP_APPINSIGHTS_INSTRUMENTATIONKEY
stderr | unknown test
[env] Missing required runtime variable: REACT_APP_GA_TRACKINGID
3:25:46 pm [vite] [31m[2m(client)[22m[39m [2m[console.error] [22m[env] Missing required runtime variable: REACT_APP_APPINSIGHTS_INSTRUMENTATIONKEY
3:25:46 pm [vite] [31m[2m(client)[22m[39m [2m[console.error] [22m[env] Missing required runtime variable: REACT_APP_GA_TRACKINGID
 ✓ |storybook (chromium)| ClientApp/src/components/Inputs/Inputs.stories.tsx (1 test) 5432ms
   ✓ Common Field Set  5431ms
 ✓ |storybook (chromium)| ClientApp/src/components/Breadcrumb/Breadcrumb.stories.tsx (2 tests) 811ms
   ✓ Three Levels  762ms
 ✓ |storybook (chromium)| ClientApp/src/components/HeaderIntroText/HeaderIntroText.stories.tsx (2 tests) 1181ms
   ✓ Default  1139ms
 ✓ |storybook (chromium)| ClientApp/src/components/Inputs/Attachment/AttachmentItem-new.stories.tsx (2 tests) 1536ms
   ✓ Editable  1493ms
 ✓ |storybook (chromium)| ClientApp/src/components/Buttons/BackToDashboardButton/BackToDashboardButton.stories.tsx (3 tests) 1092ms
   ✓ Default  1015ms
 ✓ |storybook (chromium)| ClientApp/src/routes/ta/applicationAndInstrument.stories.tsx (1 test) 1348ms
   ✓ Edit Step  1346ms
 ✓ |storybook (chromium)| ClientApp/src/routes/ta/summaryAndSubmit.stories.tsx (2 tests) 1625ms
   ✓ Editable  1516ms
stderr | ClientApp/src/components/Inputs/AutoSuggest/AutoSuggest.stories.tsx > Loading
Warning: An update to $dbdc5e6e7ce01b4b$var$ComboBoxInner inside a test was not wrapped in act(...).

When testing, code that causes React state updates should be wrapped into act(...):

act(() => {
  /* fire events that update state */
});
/* assert on the output */

This ensures that you're testing the behavior the user would see in the browser. Learn more at https://reactjs.org/link/wrap-tests-with-act
    at $dbdc5e6e7ce01b4b$var$ComboBoxInner (http://localhost:63316/node_modules/.cache/storybook/10.5.10/d089ae206bd7a58edd27e2b4d3689eedc26f6a98c46b1c5d1ba852a9c5dce8b8/sb-vitest/deps/ComboBox-ibQmNIIj.js?v=2d3cdc2a:4656:48)
    at $42ceafc619f9c3ba$var$CollectionInner (http://localhost:63316/node_modules/.cache/storybook/10.5.10/d089ae206bd7a58edd27e2b4d3689eedc26f6a98c46b1c5d1ba852a9c5dce8b8/sb-vitest/deps/Collection-B9ePPz5R.js?v=2d3cdc2a:710:50)
    at $42ceafc619f9c3ba$export$bf788dd355e3a401 (http://localhost:63316/node_modules/.cache/storybook/10.5.10/d089ae206bd7a58edd27e2b4d3689eedc26f6a98c46b1c5d1ba852a9c5dce8b8/sb-vitest/deps/Collection-B9ePPz5R.js?v=2d3cdc2a:703:34)
    at Wrapper (http://localhost:63316/node_modules/.cache/storybook/10.5.10/d089ae206bd7a58edd27e2b4d3689eedc26f6a98c46b1c5d1ba852a9c5dce8b8/sb-vitest/deps/Hidden-CqdvWE-W.js?v=2d3cdc2a:159:35)
    at div
    at AutoSuggestContainer (http://localhost:63316/ClientApp/src/components/Inputs/AutoSuggest/AutoSuggestContainer.tsx:22:10)
    at hookified (http://localhost:63316/node_modules/.cache/storybook/10.5.10/d089ae206bd7a58edd27e2b4d3689eedc26f6a98c46b1c5d1ba852a9c5dce8b8/sb-vitest/deps/csf-B8OjfbGV.js?v=2d3cdc2a:8281:9)
    at form
    at http://localhost:63316/node_modules/.cache/storybook/10.5.10/d089ae206bd7a58edd27e2b4d3689eedc26f6a98c46b1c5d1ba852a9c5dce8b8/sb-vitest/deps/formik.js?v=2d3cdc2a:3385:21
    at Formik (http://localhost:63316/node_modules/.cache/storybook/10.5.10/d089ae206bd7a58edd27e2b4d3689eedc26f6a98c46b1c5d1ba852a9c5dce8b8/sb-vitest/deps/formik.js?v=2d3cdc2a:3190:18)
    at RenderedRoute (http://localhost:63316/node_modules/.cache/storybook/10.5.10/d089ae206bd7a58edd27e2b4d3689eedc26f6a98c46b1c5d1ba852a9c5dce8b8/sb-vitest/deps/react-router.js?v=2d3cdc2a:4139:26)
    at RenderErrorBoundary (http://localhost:63316/node_modules/.cache/storybook/10.5.10/d089ae206bd7a58edd27e2b4d3689eedc26f6a98c46b1c5d1ba852a9c5dce8b8/sb-vitest/deps/react-router.js?v=2d3cdc2a:4073:3)
    at DataRoutes2 (http://localhost:63316/node_modules/.cache/storybook/10.5.10/d089ae206bd7a58edd27e2b4d3689eedc26f6a98c46b1c5d1ba852a9c5dce8b8/sb-vitest/deps/react-router.js?v=2d3cdc2a:4706:24)
    at Router (http://localhost:63316/node_modules/.cache/storybook/10.5.10/d089ae206bd7a58edd27e2b4d3689eedc26f6a98c46b1c5d1ba852a9c5dce8b8/sb-vitest/deps/react-router.js?v=2d3cdc2a:4771:29)
    at RouterProvider (http://localhost:63316/node_modules/.cache/storybook/10.5.10/d089ae206bd7a58edd27e2b4d3689eedc26f6a98c46b1c5d1ba852a9c5dce8b8/sb-vitest/deps/react-router.js?v=2d3cdc2a:4516:27)
    at unboundStoryFn (http://localhost:63316/node_modules/.cache/storybook/10.5.10/d089ae206bd7a58edd27e2b4d3689eedc26f6a98c46b1c5d1ba852a9c5dce8b8/sb-vitest/deps/csf-B8OjfbGV.js?v=2d3cdc2a:8788:243)
3:25:50 pm [vite] [31m[2m(client)[22m[39m [2m[console.error] [22mWarning: An update to $dbdc5e6e7ce01b4b$var$ComboBoxInner inside a test was not wrapped in act(...).

When testing, code that causes React state updates should be wrapped into act(...):

act(() => {
  /* fire events that update state */
});
/* assert on the output */

This ensures that you're testing the behavior the user would see in the browser. Learn more at https://reactjs.org/link/wrap-tests-with-act
    at $dbdc5e6e7ce01b4b$var$ComboBoxInner (http://localhost:63316/node_modules/.cache/storybook/10.5.10/d089ae206bd7a58edd27e2b4d3689eedc26f6a98c46b1c5d1ba852a9c5dce8b8/sb-vitest/deps/ComboBox-ibQmNIIj.js?v=2d3cdc2a:4656:48)
    at $42ceafc619f9c3ba$var$CollectionInner (http://localhost:63316/node_modules/.cache/storybook/10.5.10/d089ae206bd7a58edd27e2b4d3689eedc26f6a98c46b1c5d1ba852a9c5dce8b8/sb-vitest/deps/Collection-B9ePPz5R.js?v=2d3cdc2a:710:50)
    at $42ceafc619f9c3ba$export$bf788dd355e3a401 (http://localhost:63316/node_modules/.cache/storybook/10.5.10/d089ae206bd7a58edd27e2b4d3689eedc26f6a98c46b1c5d1ba852a9c5dce8b8/sb-vitest/deps/Collection-B9ePPz5R.js?v=2d3cdc2a:703:34)
    at Wrapper (http://localhost:63316/node_modules/.cache/storybook/10.5.10/d089ae206bd7a58edd27e2b4d3689eedc26f6a98c46b1c5d1ba852a9c5dce8b8/sb-vitest/deps/Hidden-CqdvWE-W.js?v=2d3cdc2a:159:35)
    at div
    at AutoSuggestContainer (http://localhost:63316/ClientApp/src/components/Inputs/AutoSuggest/AutoSuggestContainer.tsx:22:10)
    at hookified (http://localhost:63316/node_modules/.cache/storybook/10.5.10/d089ae206bd7a58edd27e2b4d3689eedc26f6a98c46b1c5d1ba852a9c5dce8b8/sb-vitest/deps/csf-B8OjfbGV.js?v=2d3cdc2a:8281:9)
    at form
    at http://localhost:63316/node_modules/.cache/storybook/10.5.10/d089ae206bd7a58edd27e2b4d3689eedc26f6a98c46b1c5d1ba852a9c5dce8b8/sb-vitest/deps/formik.js?v=2d3cdc2a:3385:21
    at Formik (http://localhost:63316/node_modules/.cache/storybook/10.5.10/d089ae206bd7a58edd27e2b4d3689eedc26f6a98c46b1c5d1ba852a9c5dce8b8/sb-vitest/deps/formik.js?v=2d3cdc2a:3190:18)
    at RenderedRoute (http://localhost:63316/node_modules/.cache/storybook/10.5.10/d089ae206bd7a58edd27e2b4d3689eedc26f6a98c46b1c5d1ba852a9c5dce8b8/sb-vitest/deps/react-router.js?v=2d3cdc2a:4139:26)
    at RenderErrorBoundary (http://localhost:63316/node_modules/.cache/storybook/10.5.10/d089ae206bd7a58edd27e2b4d3689eedc26f6a98c46b1c5d1ba852a9c5dce8b8/sb-vitest/deps/react-router.js?v=2d3cdc2a:4073:3)
    at DataRoutes2 (http://localhost:63316/node_modules/.cache/storybook/10.5.10/d089ae206bd7a58edd27e2b4d3689eedc26f6a98c46b1c5d1ba852a9c5dce8b8/sb-vitest/deps/react-router.js?v=2d3cdc2a:4706:24)
    at Router (http://localhost:63316/node_modules/.cache/storybook/10.5.10/d089ae206bd7a58edd27e2b4d3689eedc26f6a98c46b1c5d1ba852a9c5dce8b8/sb-vitest/deps/react-router.js?v=2d3cdc2a:4771:29)
    at RouterProvider (http://localhost:63316/node_modules/.cache/storybook/10.5.10/d089ae206bd7a58edd27e2b4d3689eedc26f6a98c46b1c5d1ba852a9c5dce8b8/sb-vitest/deps/react-router.js?v=2d3cdc2a:4516:27)
    at unboundStoryFn (http://localhost:63316/node_modules/.cache/storybook/10.5.10/d089ae206bd7a58edd27e2b4d3689eedc26f6a98c46b1c5d1ba852a9c5dce8b8/sb-vitest/deps/csf-B8OjfbGV.js?v=2d3cdc2a:8788:243)
 ✓ |storybook (chromium)| ClientApp/src/components/Inputs/AutoSuggest/AutoSuggest.stories.tsx (3 tests) 1483ms
   ✓ With Suggestions  1322ms
 ✓ |storybook (chromium)| ClientApp/src/routes/sign-in/AuthRoutes.stories.tsx (3 tests) 931ms
   ✓ Sign In Loading  847ms
 ✓ |storybook (chromium)| ClientApp/src/components/Buttons/SecondaryButton/SecondaryButton.stories.tsx (2 tests) 558ms
   ✓ Default  524ms
3:25:51 pm [vite] [31m[2m(client)[22m[39m [2m[console.error] [22m[env] Missing required runtime variable: REACT_APP_APPINSIGHTS_INSTRUMENTATIONKEY
stderr | unknown test
[env] Missing required runtime variable: REACT_APP_APPINSIGHTS_INSTRUMENTATIONKEY
stderr | unknown test
[env] Missing required runtime variable: REACT_APP_GA_TRACKINGID
3:25:51 pm [vite] [31m[2m(client)[22m[39m [2m[console.error] [22m[env] Missing required runtime variable: REACT_APP_GA_TRACKINGID
 ✓ |storybook (chromium)| ClientApp/src/routes/quotation/Quotation.stories.tsx (2 tests) 549ms
   ✓ Quote Summary  463ms
 ✓ |storybook (chromium)| ClientApp/src/routes/ta/instrumentInfoPanel.stories.tsx (2 tests) 385ms
   ✓ With References  352ms

 Test Files  87 passed (87)
      Tests  218 passed (218)
   Start at  15:23:58
   Duration  112.86s (transform 0ms, setup 572.28s, import 145.12s, tests 163.37s, environment 0ms)

