
> nmi-portal@0.1.0 test:storybook
> node --max-old-space-size=8192 ./node_modules/vitest/vitest.mjs run --config vitest.storybook.config.ts ClientApp/src/routes/services-we-offer/ServicesWeOffer.stories.tsx --reporter=default


 RUN  v4.1.11 C:/Users/gregm/offline-site-robots-off/portal.measurement.gov.au/source-map-capture/portal.measurement.gov.au

Port 63315 is in use, trying another one...
11:39:25 am [vite] [31m[2m(client)[22m[39m [2m[console.error] [22m[env] Missing required runtime variable: REACT_APP_APPINSIGHTS_INSTRUMENTATIONKEY
stderr | unknown test
[env] Missing required runtime variable: REACT_APP_APPINSIGHTS_INSTRUMENTATIONKEY
stderr | unknown test
[env] Missing required runtime variable: REACT_APP_GA_TRACKINGID
11:39:25 am [vite] [31m[2m(client)[22m[39m [2m[console.error] [22m[env] Missing required runtime variable: REACT_APP_GA_TRACKINGID
11:39:25 am [vite] [33m[2m(client)[22m[39m [2m[console.warn] [22m[MSW] Warning: intercepted a request without a matching request handler:

  • GET /api/lookup/services

If you still wish to intercept this unhandled request, please create a request handler for it.
Read more: https://mswjs.io/docs/http/intercepting-requests
stderr | ClientApp/src/routes/services-we-offer/ServicesWeOffer.stories.tsx > Default
[MSW] Warning: intercepted a request without a matching request handler:

  • GET /api/lookup/services

If you still wish to intercept this unhandled request, please create a request handler for it.
Read more: https://mswjs.io/docs/http/intercepting-requests
 ✓ |storybook (chromium)| ClientApp/src/routes/services-we-offer/ServicesWeOffer.stories.tsx (1 test) 432ms
   ✓ Default  429ms

 Test Files  1 passed (1)
      Tests  1 passed (1)
   Start at  11:39:19
   Duration  6.99s (transform 0ms, setup 3.52s, import 1.06s, tests 432ms, environment 0ms)

