
> nmi-portal@0.1.0 test:storybook
> node --max-old-space-size=8192 ./node_modules/vitest/vitest.mjs run --config vitest.storybook.config.ts ClientApp/src/components/SlateEditor/SlateEditor.stories.tsx --reporter=default


 RUN  v4.1.11 C:/Users/gregm/offline-site-robots-off/portal.measurement.gov.au/source-map-capture/portal.measurement.gov.au

Port 63315 is in use, trying another one...
11:53:53 am [vite] [31m[2m(client)[22m[39m [2m[console.error] [22mWarning: An update to ForwardRef inside a test was not wrapped in act(...).

When testing, code that causes React state updates should be wrapped into act(...):

act(() => {
  /* fire events that update state */
});
/* assert on the output */

This ensures that you're testing the behavior the user would see in the browser. Learn more at https://reactjs.org/link/wrap-tests-with-act
    at http://localhost:63316/node_modules/.cache/storybook/10.5.10/d089ae206bd7a58edd27e2b4d3689eedc26f6a98c46b1c5d1ba852a9c5dce8b8/sb-vitest/deps/slate-react.js?v=2d3cdc2a:4780:62
    at Slate (http://localhost:63316/node_modules/.cache/storybook/10.5.10/d089ae206bd7a58edd27e2b4d3689eedc26f6a98c46b1c5d1ba852a9c5dce8b8/sb-vitest/deps/slate-react.js?v=2d3cdc2a:5679:8)
    at form
    at SlateEditor (http://localhost:63316/ClientApp/src/components/SlateEditor/SlateEditor.tsx:58:24)
    at hookified (http://localhost:63316/node_modules/.cache/storybook/10.5.10/d089ae206bd7a58edd27e2b4d3689eedc26f6a98c46b1c5d1ba852a9c5dce8b8/sb-vitest/deps/csf-B8OjfbGV.js?v=2d3cdc2a:8281:9)
    at http://localhost:63316/node_modules/.cache/storybook/10.5.10/d089ae206bd7a58edd27e2b4d3689eedc26f6a98c46b1c5d1ba852a9c5dce8b8/sb-vitest/deps/csf-B8OjfbGV.js?v=2d3cdc2a:8745:6
    at RenderedRoute (http://localhost:63316/node_modules/.cache/storybook/10.5.10/d089ae206bd7a58edd27e2b4d3689eedc26f6a98c46b1c5d1ba852a9c5dce8b8/sb-vitest/deps/react-router.js?v=2d3cdc2a:4139:26)
    at RenderErrorBoundary (http://localhost:63316/node_modules/.cache/storybook/10.5.10/d089ae206bd7a58edd27e2b4d3689eedc26f6a98c46b1c5d1ba852a9c5dce8b8/sb-vitest/deps/react-router.js?v=2d3cdc2a:4073:3)
    at DataRoutes2 (http://localhost:63316/node_modules/.cache/storybook/10.5.10/d089ae206bd7a58edd27e2b4d3689eedc26f6a98c46b1c5d1ba852a9c5dce8b8/sb-vitest/deps/react-router.js?v=2d3cdc2a:4706:24)
    at Router (http://localhost:63316/node_modules/.cache/storybook/10.5.10/d089ae206bd7a58edd27e2b4d3689eedc26f6a98c46b1c5d1ba852a9c5dce8b8/sb-vitest/deps/react-router.js?v=2d3cdc2a:4771:29)
    at RouterProvider (http://localhost:63316/node_modules/.cache/storybook/10.5.10/d089ae206bd7a58edd27e2b4d3689eedc26f6a98c46b1c5d1ba852a9c5dce8b8/sb-vitest/deps/react-router.js?v=2d3cdc2a:4516:27)
    at unboundStoryFn (http://localhost:63316/node_modules/.cache/storybook/10.5.10/d089ae206bd7a58edd27e2b4d3689eedc26f6a98c46b1c5d1ba852a9c5dce8b8/sb-vitest/deps/csf-B8OjfbGV.js?v=2d3cdc2a:8788:243)
stderr | ClientApp/src/components/SlateEditor/SlateEditor.stories.tsx > Empty
Warning: An update to ForwardRef inside a test was not wrapped in act(...).

When testing, code that causes React state updates should be wrapped into act(...):

act(() => {
  /* fire events that update state */
});
/* assert on the output */

This ensures that you're testing the behavior the user would see in the browser. Learn more at https://reactjs.org/link/wrap-tests-with-act
    at http://localhost:63316/node_modules/.cache/storybook/10.5.10/d089ae206bd7a58edd27e2b4d3689eedc26f6a98c46b1c5d1ba852a9c5dce8b8/sb-vitest/deps/slate-react.js?v=2d3cdc2a:4780:62
    at Slate (http://localhost:63316/node_modules/.cache/storybook/10.5.10/d089ae206bd7a58edd27e2b4d3689eedc26f6a98c46b1c5d1ba852a9c5dce8b8/sb-vitest/deps/slate-react.js?v=2d3cdc2a:5679:8)
    at form
    at SlateEditor (http://localhost:63316/ClientApp/src/components/SlateEditor/SlateEditor.tsx:58:24)
    at hookified (http://localhost:63316/node_modules/.cache/storybook/10.5.10/d089ae206bd7a58edd27e2b4d3689eedc26f6a98c46b1c5d1ba852a9c5dce8b8/sb-vitest/deps/csf-B8OjfbGV.js?v=2d3cdc2a:8281:9)
    at http://localhost:63316/node_modules/.cache/storybook/10.5.10/d089ae206bd7a58edd27e2b4d3689eedc26f6a98c46b1c5d1ba852a9c5dce8b8/sb-vitest/deps/csf-B8OjfbGV.js?v=2d3cdc2a:8745:6
    at RenderedRoute (http://localhost:63316/node_modules/.cache/storybook/10.5.10/d089ae206bd7a58edd27e2b4d3689eedc26f6a98c46b1c5d1ba852a9c5dce8b8/sb-vitest/deps/react-router.js?v=2d3cdc2a:4139:26)
    at RenderErrorBoundary (http://localhost:63316/node_modules/.cache/storybook/10.5.10/d089ae206bd7a58edd27e2b4d3689eedc26f6a98c46b1c5d1ba852a9c5dce8b8/sb-vitest/deps/react-router.js?v=2d3cdc2a:4073:3)
    at DataRoutes2 (http://localhost:63316/node_modules/.cache/storybook/10.5.10/d089ae206bd7a58edd27e2b4d3689eedc26f6a98c46b1c5d1ba852a9c5dce8b8/sb-vitest/deps/react-router.js?v=2d3cdc2a:4706:24)
    at Router (http://localhost:63316/node_modules/.cache/storybook/10.5.10/d089ae206bd7a58edd27e2b4d3689eedc26f6a98c46b1c5d1ba852a9c5dce8b8/sb-vitest/deps/react-router.js?v=2d3cdc2a:4771:29)
    at RouterProvider (http://localhost:63316/node_modules/.cache/storybook/10.5.10/d089ae206bd7a58edd27e2b4d3689eedc26f6a98c46b1c5d1ba852a9c5dce8b8/sb-vitest/deps/react-router.js?v=2d3cdc2a:4516:27)
    at unboundStoryFn (http://localhost:63316/node_modules/.cache/storybook/10.5.10/d089ae206bd7a58edd27e2b4d3689eedc26f6a98c46b1c5d1ba852a9c5dce8b8/sb-vitest/deps/csf-B8OjfbGV.js?v=2d3cdc2a:8788:243)
 ✓ |storybook (chromium)| ClientApp/src/components/SlateEditor/SlateEditor.stories.tsx (2 tests) 501ms
   ✓ Default  466ms

 Test Files  1 passed (1)
      Tests  2 passed (2)
   Start at  11:53:46
   Duration  6.22s (transform 0ms, setup 3.20s, import 110ms, tests 501ms, environment 0ms)

