
> nmi-portal@0.1.0 test:storybook
> node --max-old-space-size=8192 ./node_modules/vitest/vitest.mjs run --config vitest.storybook.config.ts ClientApp/src/routes/preConditions/PreConditions.stories.tsx --reporter=default


 RUN  v4.1.11 C:/Users/gregm/offline-site-robots-off/portal.measurement.gov.au/source-map-capture/portal.measurement.gov.au

11:01:04 am [vite] [31m[2m(client)[22m[39m [2m[console.error] [22m[env] Missing required runtime variable: REACT_APP_APPINSIGHTS_INSTRUMENTATIONKEY
11:01:04 am [vite] [31m[2m(client)[22m[39m [2m[console.error] [22m[env] Missing required runtime variable: REACT_APP_GA_TRACKINGID
stderr | unknown test
[env] Missing required runtime variable: REACT_APP_APPINSIGHTS_INSTRUMENTATIONKEY
stderr | unknown test
[env] Missing required runtime variable: REACT_APP_GA_TRACKINGID
11:01:05 am [vite] [33m[2m(client)[22m[39m [2m[console.warn] [22m[MSW] Warning: intercepted a request without a matching request handler:

  • GET https://www.googletagmanager.com/gtag/js?id=

If you still wish to intercept this unhandled request, please create a request handler for it.
Read more: https://mswjs.io/docs/http/intercepting-requests
stderr | ClientApp/src/routes/preConditions/PreConditions.stories.tsx > Renders Protected Content
[MSW] Warning: intercepted a request without a matching request handler:

  • GET https://www.googletagmanager.com/gtag/js?id=

If you still wish to intercept this unhandled request, please create a request handler for it.
Read more: https://mswjs.io/docs/http/intercepting-requests
11:01:05 am [vite] [31m[2m(client)[22m[39m [2m[console.error] [22mWarning: An update to Layout inside a test was not wrapped in act(...).

When testing, code that causes React state updates should be wrapped into act(...):

act(() => {
  /* fire events that update state */
});
/* assert on the output */

This ensures that you're testing the behavior the user would see in the browser. Learn more at https://reactjs.org/link/wrap-tests-with-act
    at Layout (http://localhost:63315/ClientApp/src/components/Layout/index.tsx:11:19)
    at div
    at PreConditions (http://localhost:63315/ClientApp/src/routes/preConditions/PreConditions.tsx:18:10)
    at hookified (http://localhost:63315/node_modules/.cache/storybook/10.5.10/d089ae206bd7a58edd27e2b4d3689eedc26f6a98c46b1c5d1ba852a9c5dce8b8/sb-vitest/deps/csf-B8OjfbGV.js?v=2d3cdc2a:8281:9)
    at RenderedRoute (http://localhost:63315/node_modules/.cache/storybook/10.5.10/d089ae206bd7a58edd27e2b4d3689eedc26f6a98c46b1c5d1ba852a9c5dce8b8/sb-vitest/deps/react-router.js?v=2d3cdc2a:4139:26)
    at RenderErrorBoundary (http://localhost:63315/node_modules/.cache/storybook/10.5.10/d089ae206bd7a58edd27e2b4d3689eedc26f6a98c46b1c5d1ba852a9c5dce8b8/sb-vitest/deps/react-router.js?v=2d3cdc2a:4073:3)
    at DataRoutes2 (http://localhost:63315/node_modules/.cache/storybook/10.5.10/d089ae206bd7a58edd27e2b4d3689eedc26f6a98c46b1c5d1ba852a9c5dce8b8/sb-vitest/deps/react-router.js?v=2d3cdc2a:4706:24)
    at Router (http://localhost:63315/node_modules/.cache/storybook/10.5.10/d089ae206bd7a58edd27e2b4d3689eedc26f6a98c46b1c5d1ba852a9c5dce8b8/sb-vitest/deps/react-router.js?v=2d3cdc2a:4771:29)
    at RouterProvider (http://localhost:63315/node_modules/.cache/storybook/10.5.10/d089ae206bd7a58edd27e2b4d3689eedc26f6a98c46b1c5d1ba852a9c5dce8b8/sb-vitest/deps/react-router.js?v=2d3cdc2a:4516:27)
    at unboundStoryFn (http://localhost:63315/node_modules/.cache/storybook/10.5.10/d089ae206bd7a58edd27e2b4d3689eedc26f6a98c46b1c5d1ba852a9c5dce8b8/sb-vitest/deps/csf-B8OjfbGV.js?v=2d3cdc2a:8788:243)
11:01:05 am [vite] [31m[2m(client)[22m[39m [2m[console.error] [22mWarning: An update to PreConditions inside a test was not wrapped in act(...).

When testing, code that causes React state updates should be wrapped into act(...):

act(() => {
  /* fire events that update state */
});
/* assert on the output */

This ensures that you're testing the behavior the user would see in the browser. Learn more at https://reactjs.org/link/wrap-tests-with-act
    at PreConditions (http://localhost:63315/ClientApp/src/routes/preConditions/PreConditions.tsx:18:10)
    at hookified (http://localhost:63315/node_modules/.cache/storybook/10.5.10/d089ae206bd7a58edd27e2b4d3689eedc26f6a98c46b1c5d1ba852a9c5dce8b8/sb-vitest/deps/csf-B8OjfbGV.js?v=2d3cdc2a:8281:9)
    at RenderedRoute (http://localhost:63315/node_modules/.cache/storybook/10.5.10/d089ae206bd7a58edd27e2b4d3689eedc26f6a98c46b1c5d1ba852a9c5dce8b8/sb-vitest/deps/react-router.js?v=2d3cdc2a:4139:26)
    at RenderErrorBoundary (http://localhost:63315/node_modules/.cache/storybook/10.5.10/d089ae206bd7a58edd27e2b4d3689eedc26f6a98c46b1c5d1ba852a9c5dce8b8/sb-vitest/deps/react-router.js?v=2d3cdc2a:4073:3)
    at DataRoutes2 (http://localhost:63315/node_modules/.cache/storybook/10.5.10/d089ae206bd7a58edd27e2b4d3689eedc26f6a98c46b1c5d1ba852a9c5dce8b8/sb-vitest/deps/react-router.js?v=2d3cdc2a:4706:24)
    at Router (http://localhost:63315/node_modules/.cache/storybook/10.5.10/d089ae206bd7a58edd27e2b4d3689eedc26f6a98c46b1c5d1ba852a9c5dce8b8/sb-vitest/deps/react-router.js?v=2d3cdc2a:4771:29)
    at RouterProvider (http://localhost:63315/node_modules/.cache/storybook/10.5.10/d089ae206bd7a58edd27e2b4d3689eedc26f6a98c46b1c5d1ba852a9c5dce8b8/sb-vitest/deps/react-router.js?v=2d3cdc2a:4516:27)
    at unboundStoryFn (http://localhost:63315/node_modules/.cache/storybook/10.5.10/d089ae206bd7a58edd27e2b4d3689eedc26f6a98c46b1c5d1ba852a9c5dce8b8/sb-vitest/deps/csf-B8OjfbGV.js?v=2d3cdc2a:8788:243)
stderr | ClientApp/src/routes/preConditions/PreConditions.stories.tsx > Renders Protected Content
Warning: An update to Layout inside a test was not wrapped in act(...).

When testing, code that causes React state updates should be wrapped into act(...):

act(() => {
  /* fire events that update state */
});
/* assert on the output */

This ensures that you're testing the behavior the user would see in the browser. Learn more at https://reactjs.org/link/wrap-tests-with-act
    at Layout (http://localhost:63315/ClientApp/src/components/Layout/index.tsx:11:19)
    at div
    at PreConditions (http://localhost:63315/ClientApp/src/routes/preConditions/PreConditions.tsx:18:10)
    at hookified (http://localhost:63315/node_modules/.cache/storybook/10.5.10/d089ae206bd7a58edd27e2b4d3689eedc26f6a98c46b1c5d1ba852a9c5dce8b8/sb-vitest/deps/csf-B8OjfbGV.js?v=2d3cdc2a:8281:9)
    at RenderedRoute (http://localhost:63315/node_modules/.cache/storybook/10.5.10/d089ae206bd7a58edd27e2b4d3689eedc26f6a98c46b1c5d1ba852a9c5dce8b8/sb-vitest/deps/react-router.js?v=2d3cdc2a:4139:26)
    at RenderErrorBoundary (http://localhost:63315/node_modules/.cache/storybook/10.5.10/d089ae206bd7a58edd27e2b4d3689eedc26f6a98c46b1c5d1ba852a9c5dce8b8/sb-vitest/deps/react-router.js?v=2d3cdc2a:4073:3)
    at DataRoutes2 (http://localhost:63315/node_modules/.cache/storybook/10.5.10/d089ae206bd7a58edd27e2b4d3689eedc26f6a98c46b1c5d1ba852a9c5dce8b8/sb-vitest/deps/react-router.js?v=2d3cdc2a:4706:24)
    at Router (http://localhost:63315/node_modules/.cache/storybook/10.5.10/d089ae206bd7a58edd27e2b4d3689eedc26f6a98c46b1c5d1ba852a9c5dce8b8/sb-vitest/deps/react-router.js?v=2d3cdc2a:4771:29)
    at RouterProvider (http://localhost:63315/node_modules/.cache/storybook/10.5.10/d089ae206bd7a58edd27e2b4d3689eedc26f6a98c46b1c5d1ba852a9c5dce8b8/sb-vitest/deps/react-router.js?v=2d3cdc2a:4516:27)
    at unboundStoryFn (http://localhost:63315/node_modules/.cache/storybook/10.5.10/d089ae206bd7a58edd27e2b4d3689eedc26f6a98c46b1c5d1ba852a9c5dce8b8/sb-vitest/deps/csf-B8OjfbGV.js?v=2d3cdc2a:8788:243)
stderr | ClientApp/src/routes/preConditions/PreConditions.stories.tsx > Renders Protected Content
Warning: An update to PreConditions inside a test was not wrapped in act(...).

When testing, code that causes React state updates should be wrapped into act(...):

act(() => {
  /* fire events that update state */
});
/* assert on the output */

This ensures that you're testing the behavior the user would see in the browser. Learn more at https://reactjs.org/link/wrap-tests-with-act
    at PreConditions (http://localhost:63315/ClientApp/src/routes/preConditions/PreConditions.tsx:18:10)
    at hookified (http://localhost:63315/node_modules/.cache/storybook/10.5.10/d089ae206bd7a58edd27e2b4d3689eedc26f6a98c46b1c5d1ba852a9c5dce8b8/sb-vitest/deps/csf-B8OjfbGV.js?v=2d3cdc2a:8281:9)
    at RenderedRoute (http://localhost:63315/node_modules/.cache/storybook/10.5.10/d089ae206bd7a58edd27e2b4d3689eedc26f6a98c46b1c5d1ba852a9c5dce8b8/sb-vitest/deps/react-router.js?v=2d3cdc2a:4139:26)
    at RenderErrorBoundary (http://localhost:63315/node_modules/.cache/storybook/10.5.10/d089ae206bd7a58edd27e2b4d3689eedc26f6a98c46b1c5d1ba852a9c5dce8b8/sb-vitest/deps/react-router.js?v=2d3cdc2a:4073:3)
    at DataRoutes2 (http://localhost:63315/node_modules/.cache/storybook/10.5.10/d089ae206bd7a58edd27e2b4d3689eedc26f6a98c46b1c5d1ba852a9c5dce8b8/sb-vitest/deps/react-router.js?v=2d3cdc2a:4706:24)
    at Router (http://localhost:63315/node_modules/.cache/storybook/10.5.10/d089ae206bd7a58edd27e2b4d3689eedc26f6a98c46b1c5d1ba852a9c5dce8b8/sb-vitest/deps/react-router.js?v=2d3cdc2a:4771:29)
    at RouterProvider (http://localhost:63315/node_modules/.cache/storybook/10.5.10/d089ae206bd7a58edd27e2b4d3689eedc26f6a98c46b1c5d1ba852a9c5dce8b8/sb-vitest/deps/react-router.js?v=2d3cdc2a:4516:27)
    at unboundStoryFn (http://localhost:63315/node_modules/.cache/storybook/10.5.10/d089ae206bd7a58edd27e2b4d3689eedc26f6a98c46b1c5d1ba852a9c5dce8b8/sb-vitest/deps/csf-B8OjfbGV.js?v=2d3cdc2a:8788:243)
 ✓ |storybook (chromium)| ClientApp/src/routes/preConditions/PreConditions.stories.tsx (1 test) 409ms
   ✓ Renders Protected Content  407ms

 Test Files  1 passed (1)
      Tests  1 passed (1)
   Start at  11:00:59
   Duration  5.62s (transform 0ms, setup 2.62s, import 477ms, tests 409ms, environment 0ms)

