
> nmi-portal@0.1.0 test:storybook
> node --max-old-space-size=8192 ./node_modules/vitest/vitest.mjs run --config vitest.storybook.config.ts ClientApp/src/routes/requestForQuote/RequestForQuote.stories.tsx --reporter=default


 RUN  v4.1.11 C:/Users/gregm/offline-site-robots-off/portal.measurement.gov.au/source-map-capture/portal.measurement.gov.au

10:57:45 am [vite] [31m[2m(client)[22m[39m [2m[console.error] [22m[env] Missing required runtime variable: REACT_APP_APPINSIGHTS_INSTRUMENTATIONKEY
10:57:45 am [vite] [31m[2m(client)[22m[39m [2m[console.error] [22m[env] Missing required runtime variable: REACT_APP_GA_TRACKINGID
stderr | unknown test
[env] Missing required runtime variable: REACT_APP_APPINSIGHTS_INSTRUMENTATIONKEY
stderr | unknown test
[env] Missing required runtime variable: REACT_APP_GA_TRACKINGID
10:57:46 am [vite] [31m[2m(client)[22m[39m [2m[console.error] [22mWarning: An update to InstrumentAndRequest inside a test was not wrapped in act(...).

When testing, code that causes React state updates should be wrapped into act(...):

act(() => {
  /* fire events that update state */
});
/* assert on the output */

This ensures that you're testing the behavior the user would see in the browser. Learn more at https://reactjs.org/link/wrap-tests-with-act
    at InstrumentAndRequest (http://localhost:63315/ClientApp/src/routes/requestForQuote/instrumentAndRequest.tsx:49:10)
    at hookified (http://localhost:63315/node_modules/.cache/storybook/10.5.10/d089ae206bd7a58edd27e2b4d3689eedc26f6a98c46b1c5d1ba852a9c5dce8b8/sb-vitest/deps/csf-B8OjfbGV.js?v=2d3cdc2a:8281:9)
    at form
    at http://localhost:63315/node_modules/.cache/storybook/10.5.10/d089ae206bd7a58edd27e2b4d3689eedc26f6a98c46b1c5d1ba852a9c5dce8b8/sb-vitest/deps/formik.js?v=2d3cdc2a:3385:21
    at Formik (http://localhost:63315/node_modules/.cache/storybook/10.5.10/d089ae206bd7a58edd27e2b4d3689eedc26f6a98c46b1c5d1ba852a9c5dce8b8/sb-vitest/deps/formik.js?v=2d3cdc2a:3190:18)
    at RenderedRoute (http://localhost:63315/node_modules/.cache/storybook/10.5.10/d089ae206bd7a58edd27e2b4d3689eedc26f6a98c46b1c5d1ba852a9c5dce8b8/sb-vitest/deps/react-router.js?v=2d3cdc2a:4139:26)
    at RenderErrorBoundary (http://localhost:63315/node_modules/.cache/storybook/10.5.10/d089ae206bd7a58edd27e2b4d3689eedc26f6a98c46b1c5d1ba852a9c5dce8b8/sb-vitest/deps/react-router.js?v=2d3cdc2a:4073:3)
    at DataRoutes2 (http://localhost:63315/node_modules/.cache/storybook/10.5.10/d089ae206bd7a58edd27e2b4d3689eedc26f6a98c46b1c5d1ba852a9c5dce8b8/sb-vitest/deps/react-router.js?v=2d3cdc2a:4706:24)
    at Router (http://localhost:63315/node_modules/.cache/storybook/10.5.10/d089ae206bd7a58edd27e2b4d3689eedc26f6a98c46b1c5d1ba852a9c5dce8b8/sb-vitest/deps/react-router.js?v=2d3cdc2a:4771:29)
    at RouterProvider (http://localhost:63315/node_modules/.cache/storybook/10.5.10/d089ae206bd7a58edd27e2b4d3689eedc26f6a98c46b1c5d1ba852a9c5dce8b8/sb-vitest/deps/react-router.js?v=2d3cdc2a:4516:27)
    at unboundStoryFn (http://localhost:63315/node_modules/.cache/storybook/10.5.10/d089ae206bd7a58edd27e2b4d3689eedc26f6a98c46b1c5d1ba852a9c5dce8b8/sb-vitest/deps/csf-B8OjfbGV.js?v=2d3cdc2a:8788:243)
10:57:46 am [vite] [31m[2m(client)[22m[39m [2m[console.error] [22mWarning: An update to InstrumentAndRequest inside a test was not wrapped in act(...).

When testing, code that causes React state updates should be wrapped into act(...):

act(() => {
  /* fire events that update state */
});
/* assert on the output */

This ensures that you're testing the behavior the user would see in the browser. Learn more at https://reactjs.org/link/wrap-tests-with-act
    at InstrumentAndRequest (http://localhost:63315/ClientApp/src/routes/requestForQuote/instrumentAndRequest.tsx:49:10)
    at hookified (http://localhost:63315/node_modules/.cache/storybook/10.5.10/d089ae206bd7a58edd27e2b4d3689eedc26f6a98c46b1c5d1ba852a9c5dce8b8/sb-vitest/deps/csf-B8OjfbGV.js?v=2d3cdc2a:8281:9)
    at form
    at http://localhost:63315/node_modules/.cache/storybook/10.5.10/d089ae206bd7a58edd27e2b4d3689eedc26f6a98c46b1c5d1ba852a9c5dce8b8/sb-vitest/deps/formik.js?v=2d3cdc2a:3385:21
    at Formik (http://localhost:63315/node_modules/.cache/storybook/10.5.10/d089ae206bd7a58edd27e2b4d3689eedc26f6a98c46b1c5d1ba852a9c5dce8b8/sb-vitest/deps/formik.js?v=2d3cdc2a:3190:18)
    at RenderedRoute (http://localhost:63315/node_modules/.cache/storybook/10.5.10/d089ae206bd7a58edd27e2b4d3689eedc26f6a98c46b1c5d1ba852a9c5dce8b8/sb-vitest/deps/react-router.js?v=2d3cdc2a:4139:26)
    at RenderErrorBoundary (http://localhost:63315/node_modules/.cache/storybook/10.5.10/d089ae206bd7a58edd27e2b4d3689eedc26f6a98c46b1c5d1ba852a9c5dce8b8/sb-vitest/deps/react-router.js?v=2d3cdc2a:4073:3)
    at DataRoutes2 (http://localhost:63315/node_modules/.cache/storybook/10.5.10/d089ae206bd7a58edd27e2b4d3689eedc26f6a98c46b1c5d1ba852a9c5dce8b8/sb-vitest/deps/react-router.js?v=2d3cdc2a:4706:24)
    at Router (http://localhost:63315/node_modules/.cache/storybook/10.5.10/d089ae206bd7a58edd27e2b4d3689eedc26f6a98c46b1c5d1ba852a9c5dce8b8/sb-vitest/deps/react-router.js?v=2d3cdc2a:4771:29)
    at RouterProvider (http://localhost:63315/node_modules/.cache/storybook/10.5.10/d089ae206bd7a58edd27e2b4d3689eedc26f6a98c46b1c5d1ba852a9c5dce8b8/sb-vitest/deps/react-router.js?v=2d3cdc2a:4516:27)
    at unboundStoryFn (http://localhost:63315/node_modules/.cache/storybook/10.5.10/d089ae206bd7a58edd27e2b4d3689eedc26f6a98c46b1c5d1ba852a9c5dce8b8/sb-vitest/deps/csf-B8OjfbGV.js?v=2d3cdc2a:8788:243)
10:57:46 am [vite] [31m[2m(client)[22m[39m [2m[console.error] [22mWarning: An update to InstrumentAndRequest inside a test was not wrapped in act(...).

When testing, code that causes React state updates should be wrapped into act(...):

act(() => {
  /* fire events that update state */
});
/* assert on the output */

This ensures that you're testing the behavior the user would see in the browser. Learn more at https://reactjs.org/link/wrap-tests-with-act
    at InstrumentAndRequest (http://localhost:63315/ClientApp/src/routes/requestForQuote/instrumentAndRequest.tsx:49:10)
    at hookified (http://localhost:63315/node_modules/.cache/storybook/10.5.10/d089ae206bd7a58edd27e2b4d3689eedc26f6a98c46b1c5d1ba852a9c5dce8b8/sb-vitest/deps/csf-B8OjfbGV.js?v=2d3cdc2a:8281:9)
    at form
    at http://localhost:63315/node_modules/.cache/storybook/10.5.10/d089ae206bd7a58edd27e2b4d3689eedc26f6a98c46b1c5d1ba852a9c5dce8b8/sb-vitest/deps/formik.js?v=2d3cdc2a:3385:21
    at Formik (http://localhost:63315/node_modules/.cache/storybook/10.5.10/d089ae206bd7a58edd27e2b4d3689eedc26f6a98c46b1c5d1ba852a9c5dce8b8/sb-vitest/deps/formik.js?v=2d3cdc2a:3190:18)
    at RenderedRoute (http://localhost:63315/node_modules/.cache/storybook/10.5.10/d089ae206bd7a58edd27e2b4d3689eedc26f6a98c46b1c5d1ba852a9c5dce8b8/sb-vitest/deps/react-router.js?v=2d3cdc2a:4139:26)
    at RenderErrorBoundary (http://localhost:63315/node_modules/.cache/storybook/10.5.10/d089ae206bd7a58edd27e2b4d3689eedc26f6a98c46b1c5d1ba852a9c5dce8b8/sb-vitest/deps/react-router.js?v=2d3cdc2a:4073:3)
    at DataRoutes2 (http://localhost:63315/node_modules/.cache/storybook/10.5.10/d089ae206bd7a58edd27e2b4d3689eedc26f6a98c46b1c5d1ba852a9c5dce8b8/sb-vitest/deps/react-router.js?v=2d3cdc2a:4706:24)
    at Router (http://localhost:63315/node_modules/.cache/storybook/10.5.10/d089ae206bd7a58edd27e2b4d3689eedc26f6a98c46b1c5d1ba852a9c5dce8b8/sb-vitest/deps/react-router.js?v=2d3cdc2a:4771:29)
    at RouterProvider (http://localhost:63315/node_modules/.cache/storybook/10.5.10/d089ae206bd7a58edd27e2b4d3689eedc26f6a98c46b1c5d1ba852a9c5dce8b8/sb-vitest/deps/react-router.js?v=2d3cdc2a:4516:27)
    at unboundStoryFn (http://localhost:63315/node_modules/.cache/storybook/10.5.10/d089ae206bd7a58edd27e2b4d3689eedc26f6a98c46b1c5d1ba852a9c5dce8b8/sb-vitest/deps/csf-B8OjfbGV.js?v=2d3cdc2a:8788:243)
stderr | ClientApp/src/routes/requestForQuote/RequestForQuote.stories.tsx > Organisation And Contact Validation
Warning: An update to InstrumentAndRequest inside a test was not wrapped in act(...).

When testing, code that causes React state updates should be wrapped into act(...):

act(() => {
  /* fire events that update state */
});
/* assert on the output */

This ensures that you're testing the behavior the user would see in the browser. Learn more at https://reactjs.org/link/wrap-tests-with-act
    at InstrumentAndRequest (http://localhost:63315/ClientApp/src/routes/requestForQuote/instrumentAndRequest.tsx:49:10)
    at hookified (http://localhost:63315/node_modules/.cache/storybook/10.5.10/d089ae206bd7a58edd27e2b4d3689eedc26f6a98c46b1c5d1ba852a9c5dce8b8/sb-vitest/deps/csf-B8OjfbGV.js?v=2d3cdc2a:8281:9)
    at form
    at http://localhost:63315/node_modules/.cache/storybook/10.5.10/d089ae206bd7a58edd27e2b4d3689eedc26f6a98c46b1c5d1ba852a9c5dce8b8/sb-vitest/deps/formik.js?v=2d3cdc2a:3385:21
    at Formik (http://localhost:63315/node_modules/.cache/storybook/10.5.10/d089ae206bd7a58edd27e2b4d3689eedc26f6a98c46b1c5d1ba852a9c5dce8b8/sb-vitest/deps/formik.js?v=2d3cdc2a:3190:18)
    at RenderedRoute (http://localhost:63315/node_modules/.cache/storybook/10.5.10/d089ae206bd7a58edd27e2b4d3689eedc26f6a98c46b1c5d1ba852a9c5dce8b8/sb-vitest/deps/react-router.js?v=2d3cdc2a:4139:26)
    at RenderErrorBoundary (http://localhost:63315/node_modules/.cache/storybook/10.5.10/d089ae206bd7a58edd27e2b4d3689eedc26f6a98c46b1c5d1ba852a9c5dce8b8/sb-vitest/deps/react-router.js?v=2d3cdc2a:4073:3)
    at DataRoutes2 (http://localhost:63315/node_modules/.cache/storybook/10.5.10/d089ae206bd7a58edd27e2b4d3689eedc26f6a98c46b1c5d1ba852a9c5dce8b8/sb-vitest/deps/react-router.js?v=2d3cdc2a:4706:24)
    at Router (http://localhost:63315/node_modules/.cache/storybook/10.5.10/d089ae206bd7a58edd27e2b4d3689eedc26f6a98c46b1c5d1ba852a9c5dce8b8/sb-vitest/deps/react-router.js?v=2d3cdc2a:4771:29)
    at RouterProvider (http://localhost:63315/node_modules/.cache/storybook/10.5.10/d089ae206bd7a58edd27e2b4d3689eedc26f6a98c46b1c5d1ba852a9c5dce8b8/sb-vitest/deps/react-router.js?v=2d3cdc2a:4516:27)
    at unboundStoryFn (http://localhost:63315/node_modules/.cache/storybook/10.5.10/d089ae206bd7a58edd27e2b4d3689eedc26f6a98c46b1c5d1ba852a9c5dce8b8/sb-vitest/deps/csf-B8OjfbGV.js?v=2d3cdc2a:8788:243)
stderr | ClientApp/src/routes/requestForQuote/RequestForQuote.stories.tsx > Organisation And Contact Validation
Warning: An update to InstrumentAndRequest inside a test was not wrapped in act(...).

When testing, code that causes React state updates should be wrapped into act(...):

act(() => {
  /* fire events that update state */
});
/* assert on the output */

This ensures that you're testing the behavior the user would see in the browser. Learn more at https://reactjs.org/link/wrap-tests-with-act
    at InstrumentAndRequest (http://localhost:63315/ClientApp/src/routes/requestForQuote/instrumentAndRequest.tsx:49:10)
    at hookified (http://localhost:63315/node_modules/.cache/storybook/10.5.10/d089ae206bd7a58edd27e2b4d3689eedc26f6a98c46b1c5d1ba852a9c5dce8b8/sb-vitest/deps/csf-B8OjfbGV.js?v=2d3cdc2a:8281:9)
    at form
    at http://localhost:63315/node_modules/.cache/storybook/10.5.10/d089ae206bd7a58edd27e2b4d3689eedc26f6a98c46b1c5d1ba852a9c5dce8b8/sb-vitest/deps/formik.js?v=2d3cdc2a:3385:21
    at Formik (http://localhost:63315/node_modules/.cache/storybook/10.5.10/d089ae206bd7a58edd27e2b4d3689eedc26f6a98c46b1c5d1ba852a9c5dce8b8/sb-vitest/deps/formik.js?v=2d3cdc2a:3190:18)
    at RenderedRoute (http://localhost:63315/node_modules/.cache/storybook/10.5.10/d089ae206bd7a58edd27e2b4d3689eedc26f6a98c46b1c5d1ba852a9c5dce8b8/sb-vitest/deps/react-router.js?v=2d3cdc2a:4139:26)
    at RenderErrorBoundary (http://localhost:63315/node_modules/.cache/storybook/10.5.10/d089ae206bd7a58edd27e2b4d3689eedc26f6a98c46b1c5d1ba852a9c5dce8b8/sb-vitest/deps/react-router.js?v=2d3cdc2a:4073:3)
    at DataRoutes2 (http://localhost:63315/node_modules/.cache/storybook/10.5.10/d089ae206bd7a58edd27e2b4d3689eedc26f6a98c46b1c5d1ba852a9c5dce8b8/sb-vitest/deps/react-router.js?v=2d3cdc2a:4706:24)
    at Router (http://localhost:63315/node_modules/.cache/storybook/10.5.10/d089ae206bd7a58edd27e2b4d3689eedc26f6a98c46b1c5d1ba852a9c5dce8b8/sb-vitest/deps/react-router.js?v=2d3cdc2a:4771:29)
    at RouterProvider (http://localhost:63315/node_modules/.cache/storybook/10.5.10/d089ae206bd7a58edd27e2b4d3689eedc26f6a98c46b1c5d1ba852a9c5dce8b8/sb-vitest/deps/react-router.js?v=2d3cdc2a:4516:27)
    at unboundStoryFn (http://localhost:63315/node_modules/.cache/storybook/10.5.10/d089ae206bd7a58edd27e2b4d3689eedc26f6a98c46b1c5d1ba852a9c5dce8b8/sb-vitest/deps/csf-B8OjfbGV.js?v=2d3cdc2a:8788:243)
stderr | ClientApp/src/routes/requestForQuote/RequestForQuote.stories.tsx > Organisation And Contact Validation
Warning: An update to InstrumentAndRequest inside a test was not wrapped in act(...).

When testing, code that causes React state updates should be wrapped into act(...):

act(() => {
  /* fire events that update state */
});
/* assert on the output */

This ensures that you're testing the behavior the user would see in the browser. Learn more at https://reactjs.org/link/wrap-tests-with-act
    at InstrumentAndRequest (http://localhost:63315/ClientApp/src/routes/requestForQuote/instrumentAndRequest.tsx:49:10)
    at hookified (http://localhost:63315/node_modules/.cache/storybook/10.5.10/d089ae206bd7a58edd27e2b4d3689eedc26f6a98c46b1c5d1ba852a9c5dce8b8/sb-vitest/deps/csf-B8OjfbGV.js?v=2d3cdc2a:8281:9)
    at form
    at http://localhost:63315/node_modules/.cache/storybook/10.5.10/d089ae206bd7a58edd27e2b4d3689eedc26f6a98c46b1c5d1ba852a9c5dce8b8/sb-vitest/deps/formik.js?v=2d3cdc2a:3385:21
    at Formik (http://localhost:63315/node_modules/.cache/storybook/10.5.10/d089ae206bd7a58edd27e2b4d3689eedc26f6a98c46b1c5d1ba852a9c5dce8b8/sb-vitest/deps/formik.js?v=2d3cdc2a:3190:18)
    at RenderedRoute (http://localhost:63315/node_modules/.cache/storybook/10.5.10/d089ae206bd7a58edd27e2b4d3689eedc26f6a98c46b1c5d1ba852a9c5dce8b8/sb-vitest/deps/react-router.js?v=2d3cdc2a:4139:26)
    at RenderErrorBoundary (http://localhost:63315/node_modules/.cache/storybook/10.5.10/d089ae206bd7a58edd27e2b4d3689eedc26f6a98c46b1c5d1ba852a9c5dce8b8/sb-vitest/deps/react-router.js?v=2d3cdc2a:4073:3)
    at DataRoutes2 (http://localhost:63315/node_modules/.cache/storybook/10.5.10/d089ae206bd7a58edd27e2b4d3689eedc26f6a98c46b1c5d1ba852a9c5dce8b8/sb-vitest/deps/react-router.js?v=2d3cdc2a:4706:24)
    at Router (http://localhost:63315/node_modules/.cache/storybook/10.5.10/d089ae206bd7a58edd27e2b4d3689eedc26f6a98c46b1c5d1ba852a9c5dce8b8/sb-vitest/deps/react-router.js?v=2d3cdc2a:4771:29)
    at RouterProvider (http://localhost:63315/node_modules/.cache/storybook/10.5.10/d089ae206bd7a58edd27e2b4d3689eedc26f6a98c46b1c5d1ba852a9c5dce8b8/sb-vitest/deps/react-router.js?v=2d3cdc2a:4516:27)
    at unboundStoryFn (http://localhost:63315/node_modules/.cache/storybook/10.5.10/d089ae206bd7a58edd27e2b4d3689eedc26f6a98c46b1c5d1ba852a9c5dce8b8/sb-vitest/deps/csf-B8OjfbGV.js?v=2d3cdc2a:8788:243)
10:57:46 am [vite] [31m[2m(client)[22m[39m [2m[console.error] [22mWarning: An update to null inside a test was not wrapped in act(...).

When testing, code that causes React state updates should be wrapped into act(...):

act(() => {
  /* fire events that update state */
});
/* assert on the output */

This ensures that you're testing the behavior the user would see in the browser. Learn more at https://reactjs.org/link/wrap-tests-with-act
    at Gt (http://localhost:63315/node_modules/.cache/storybook/10.5.10/d089ae206bd7a58edd27e2b4d3689eedc26f6a98c46b1c5d1ba852a9c5dce8b8/sb-vitest/deps/react-datepicker.js?v=2d3cdc2a:24789:37)
    at n (http://localhost:63315/node_modules/.cache/storybook/10.5.10/d089ae206bd7a58edd27e2b4d3689eedc26f6a98c46b1c5d1ba852a9c5dce8b8/sb-vitest/deps/react-datepicker.js?v=2d3cdc2a:24806:15)
    at div
    at CustomDatePicker (http://localhost:63315/ClientApp/src/components/Inputs/DatePicker/CustomDatePicker.tsx:10:10)
    at DatePicker (http://localhost:63315/ClientApp/src/components/Inputs/DatePicker/index.tsx:10:10)
    at div
    at http://localhost:63315/node_modules/.cache/storybook/10.5.10/d089ae206bd7a58edd27e2b4d3689eedc26f6a98c46b1c5d1ba852a9c5dce8b8/sb-vitest/deps/react-bootstrap_Row.js?v=2d3cdc2a:10:52
    at InstrumentAndRequest (http://localhost:63315/ClientApp/src/routes/requestForQuote/instrumentAndRequest.tsx:49:10)
    at hookified (http://localhost:63315/node_modules/.cache/storybook/10.5.10/d089ae206bd7a58edd27e2b4d3689eedc26f6a98c46b1c5d1ba852a9c5dce8b8/sb-vitest/deps/csf-B8OjfbGV.js?v=2d3cdc2a:8281:9)
    at form
    at http://localhost:63315/node_modules/.cache/storybook/10.5.10/d089ae206bd7a58edd27e2b4d3689eedc26f6a98c46b1c5d1ba852a9c5dce8b8/sb-vitest/deps/formik.js?v=2d3cdc2a:3385:21
    at Formik (http://localhost:63315/node_modules/.cache/storybook/10.5.10/d089ae206bd7a58edd27e2b4d3689eedc26f6a98c46b1c5d1ba852a9c5dce8b8/sb-vitest/deps/formik.js?v=2d3cdc2a:3190:18)
    at RenderedRoute (http://localhost:63315/node_modules/.cache/storybook/10.5.10/d089ae206bd7a58edd27e2b4d3689eedc26f6a98c46b1c5d1ba852a9c5dce8b8/sb-vitest/deps/react-router.js?v=2d3cdc2a:4139:26)
    at RenderErrorBoundary (http://localhost:63315/node_modules/.cache/storybook/10.5.10/d089ae206bd7a58edd27e2b4d3689eedc26f6a98c46b1c5d1ba852a9c5dce8b8/sb-vitest/deps/react-router.js?v=2d3cdc2a:4073:3)
    at DataRoutes2 (http://localhost:63315/node_modules/.cache/storybook/10.5.10/d089ae206bd7a58edd27e2b4d3689eedc26f6a98c46b1c5d1ba852a9c5dce8b8/sb-vitest/deps/react-router.js?v=2d3cdc2a:4706:24)
    at Router (http://localhost:63315/node_modules/.cache/storybook/10.5.10/d089ae206bd7a58edd27e2b4d3689eedc26f6a98c46b1c5d1ba852a9c5dce8b8/sb-vitest/deps/react-router.js?v=2d3cdc2a:4771:29)
    at RouterProvider (http://localhost:63315/node_modules/.cache/storybook/10.5.10/d089ae206bd7a58edd27e2b4d3689eedc26f6a98c46b1c5d1ba852a9c5dce8b8/sb-vitest/deps/react-router.js?v=2d3cdc2a:4516:27)
    at unboundStoryFn (http://localhost:63315/node_modules/.cache/storybook/10.5.10/d089ae206bd7a58edd27e2b4d3689eedc26f6a98c46b1c5d1ba852a9c5dce8b8/sb-vitest/deps/csf-B8OjfbGV.js?v=2d3cdc2a:8788:243)
10:57:46 am [vite] [31m[2m(client)[22m[39m [2m[console.error] [22mWarning: An update to null inside a test was not wrapped in act(...).

When testing, code that causes React state updates should be wrapped into act(...):

act(() => {
  /* fire events that update state */
});
/* assert on the output */

This ensures that you're testing the behavior the user would see in the browser. Learn more at https://reactjs.org/link/wrap-tests-with-act
    at Gt (http://localhost:63315/node_modules/.cache/storybook/10.5.10/d089ae206bd7a58edd27e2b4d3689eedc26f6a98c46b1c5d1ba852a9c5dce8b8/sb-vitest/deps/react-datepicker.js?v=2d3cdc2a:24789:37)
    at n (http://localhost:63315/node_modules/.cache/storybook/10.5.10/d089ae206bd7a58edd27e2b4d3689eedc26f6a98c46b1c5d1ba852a9c5dce8b8/sb-vitest/deps/react-datepicker.js?v=2d3cdc2a:24806:15)
    at div
    at CustomDatePicker (http://localhost:63315/ClientApp/src/components/Inputs/DatePicker/CustomDatePicker.tsx:10:10)
    at DatePicker (http://localhost:63315/ClientApp/src/components/Inputs/DatePicker/index.tsx:10:10)
    at div
    at http://localhost:63315/node_modules/.cache/storybook/10.5.10/d089ae206bd7a58edd27e2b4d3689eedc26f6a98c46b1c5d1ba852a9c5dce8b8/sb-vitest/deps/react-bootstrap_Row.js?v=2d3cdc2a:10:52
    at InstrumentAndRequest (http://localhost:63315/ClientApp/src/routes/requestForQuote/instrumentAndRequest.tsx:49:10)
    at hookified (http://localhost:63315/node_modules/.cache/storybook/10.5.10/d089ae206bd7a58edd27e2b4d3689eedc26f6a98c46b1c5d1ba852a9c5dce8b8/sb-vitest/deps/csf-B8OjfbGV.js?v=2d3cdc2a:8281:9)
    at form
    at http://localhost:63315/node_modules/.cache/storybook/10.5.10/d089ae206bd7a58edd27e2b4d3689eedc26f6a98c46b1c5d1ba852a9c5dce8b8/sb-vitest/deps/formik.js?v=2d3cdc2a:3385:21
    at Formik (http://localhost:63315/node_modules/.cache/storybook/10.5.10/d089ae206bd7a58edd27e2b4d3689eedc26f6a98c46b1c5d1ba852a9c5dce8b8/sb-vitest/deps/formik.js?v=2d3cdc2a:3190:18)
    at RenderedRoute (http://localhost:63315/node_modules/.cache/storybook/10.5.10/d089ae206bd7a58edd27e2b4d3689eedc26f6a98c46b1c5d1ba852a9c5dce8b8/sb-vitest/deps/react-router.js?v=2d3cdc2a:4139:26)
    at RenderErrorBoundary (http://localhost:63315/node_modules/.cache/storybook/10.5.10/d089ae206bd7a58edd27e2b4d3689eedc26f6a98c46b1c5d1ba852a9c5dce8b8/sb-vitest/deps/react-router.js?v=2d3cdc2a:4073:3)
    at DataRoutes2 (http://localhost:63315/node_modules/.cache/storybook/10.5.10/d089ae206bd7a58edd27e2b4d3689eedc26f6a98c46b1c5d1ba852a9c5dce8b8/sb-vitest/deps/react-router.js?v=2d3cdc2a:4706:24)
    at Router (http://localhost:63315/node_modules/.cache/storybook/10.5.10/d089ae206bd7a58edd27e2b4d3689eedc26f6a98c46b1c5d1ba852a9c5dce8b8/sb-vitest/deps/react-router.js?v=2d3cdc2a:4771:29)
    at RouterProvider (http://localhost:63315/node_modules/.cache/storybook/10.5.10/d089ae206bd7a58edd27e2b4d3689eedc26f6a98c46b1c5d1ba852a9c5dce8b8/sb-vitest/deps/react-router.js?v=2d3cdc2a:4516:27)
    at unboundStoryFn (http://localhost:63315/node_modules/.cache/storybook/10.5.10/d089ae206bd7a58edd27e2b4d3689eedc26f6a98c46b1c5d1ba852a9c5dce8b8/sb-vitest/deps/csf-B8OjfbGV.js?v=2d3cdc2a:8788:243)
10:57:46 am [vite] [31m[2m(client)[22m[39m [2m[console.error] [22mWarning: An update to HidableField inside a test was not wrapped in act(...).

When testing, code that causes React state updates should be wrapped into act(...):

act(() => {
  /* fire events that update state */
});
/* assert on the output */

This ensures that you're testing the behavior the user would see in the browser. Learn more at https://reactjs.org/link/wrap-tests-with-act
    at HidableField (http://localhost:63315/ClientApp/src/components/forms/HidableField/index.tsx:7:41)
    at div
    at http://localhost:63315/node_modules/.cache/storybook/10.5.10/d089ae206bd7a58edd27e2b4d3689eedc26f6a98c46b1c5d1ba852a9c5dce8b8/sb-vitest/deps/react-bootstrap_Row.js?v=2d3cdc2a:10:52
    at InstrumentAndRequest (http://localhost:63315/ClientApp/src/routes/requestForQuote/instrumentAndRequest.tsx:49:10)
    at hookified (http://localhost:63315/node_modules/.cache/storybook/10.5.10/d089ae206bd7a58edd27e2b4d3689eedc26f6a98c46b1c5d1ba852a9c5dce8b8/sb-vitest/deps/csf-B8OjfbGV.js?v=2d3cdc2a:8281:9)
    at form
    at http://localhost:63315/node_modules/.cache/storybook/10.5.10/d089ae206bd7a58edd27e2b4d3689eedc26f6a98c46b1c5d1ba852a9c5dce8b8/sb-vitest/deps/formik.js?v=2d3cdc2a:3385:21
    at Formik (http://localhost:63315/node_modules/.cache/storybook/10.5.10/d089ae206bd7a58edd27e2b4d3689eedc26f6a98c46b1c5d1ba852a9c5dce8b8/sb-vitest/deps/formik.js?v=2d3cdc2a:3190:18)
    at RenderedRoute (http://localhost:63315/node_modules/.cache/storybook/10.5.10/d089ae206bd7a58edd27e2b4d3689eedc26f6a98c46b1c5d1ba852a9c5dce8b8/sb-vitest/deps/react-router.js?v=2d3cdc2a:4139:26)
    at RenderErrorBoundary (http://localhost:63315/node_modules/.cache/storybook/10.5.10/d089ae206bd7a58edd27e2b4d3689eedc26f6a98c46b1c5d1ba852a9c5dce8b8/sb-vitest/deps/react-router.js?v=2d3cdc2a:4073:3)
    at DataRoutes2 (http://localhost:63315/node_modules/.cache/storybook/10.5.10/d089ae206bd7a58edd27e2b4d3689eedc26f6a98c46b1c5d1ba852a9c5dce8b8/sb-vitest/deps/react-router.js?v=2d3cdc2a:4706:24)
    at Router (http://localhost:63315/node_modules/.cache/storybook/10.5.10/d089ae206bd7a58edd27e2b4d3689eedc26f6a98c46b1c5d1ba852a9c5dce8b8/sb-vitest/deps/react-router.js?v=2d3cdc2a:4771:29)
    at RouterProvider (http://localhost:63315/node_modules/.cache/storybook/10.5.10/d089ae206bd7a58edd27e2b4d3689eedc26f6a98c46b1c5d1ba852a9c5dce8b8/sb-vitest/deps/react-router.js?v=2d3cdc2a:4516:27)
    at unboundStoryFn (http://localhost:63315/node_modules/.cache/storybook/10.5.10/d089ae206bd7a58edd27e2b4d3689eedc26f6a98c46b1c5d1ba852a9c5dce8b8/sb-vitest/deps/csf-B8OjfbGV.js?v=2d3cdc2a:8788:243)
10:57:46 am [vite] [31m[2m(client)[22m[39m [2m[console.error] [22mWarning: An update to NumberFormatBase inside a test was not wrapped in act(...).

When testing, code that causes React state updates should be wrapped into act(...):

act(() => {
  /* fire events that update state */
});
/* assert on the output */

This ensures that you're testing the behavior the user would see in the browser. Learn more at https://reactjs.org/link/wrap-tests-with-act
    at NumberFormatBase (http://localhost:63315/node_modules/.cache/storybook/10.5.10/d089ae206bd7a58edd27e2b4d3689eedc26f6a98c46b1c5d1ba852a9c5dce8b8/sb-vitest/deps/react-number-format.js?v=2d3cdc2a:398:19)
    at NumericFormat (http://localhost:63315/node_modules/.cache/storybook/10.5.10/d089ae206bd7a58edd27e2b4d3689eedc26f6a98c46b1c5d1ba852a9c5dce8b8/sb-vitest/deps/react-number-format.js?v=2d3cdc2a:1024:27)
    at div
    at http://localhost:63315/node_modules/.cache/storybook/10.5.10/d089ae206bd7a58edd27e2b4d3689eedc26f6a98c46b1c5d1ba852a9c5dce8b8/sb-vitest/deps/Form-Bhe6QYJ3.js?v=2d3cdc2a:208:58
    at NumberInput (http://localhost:63315/ClientApp/src/components/Inputs/NumberInput/index.tsx:11:24)
    at div
    at http://localhost:63315/node_modules/.cache/storybook/10.5.10/d089ae206bd7a58edd27e2b4d3689eedc26f6a98c46b1c5d1ba852a9c5dce8b8/sb-vitest/deps/react-bootstrap_Row.js?v=2d3cdc2a:10:52
    at InstrumentAndRequest (http://localhost:63315/ClientApp/src/routes/requestForQuote/instrumentAndRequest.tsx:49:10)
    at hookified (http://localhost:63315/node_modules/.cache/storybook/10.5.10/d089ae206bd7a58edd27e2b4d3689eedc26f6a98c46b1c5d1ba852a9c5dce8b8/sb-vitest/deps/csf-B8OjfbGV.js?v=2d3cdc2a:8281:9)
    at form
    at http://localhost:63315/node_modules/.cache/storybook/10.5.10/d089ae206bd7a58edd27e2b4d3689eedc26f6a98c46b1c5d1ba852a9c5dce8b8/sb-vitest/deps/formik.js?v=2d3cdc2a:3385:21
    at Formik (http://localhost:63315/node_modules/.cache/storybook/10.5.10/d089ae206bd7a58edd27e2b4d3689eedc26f6a98c46b1c5d1ba852a9c5dce8b8/sb-vitest/deps/formik.js?v=2d3cdc2a:3190:18)
    at RenderedRoute (http://localhost:63315/node_modules/.cache/storybook/10.5.10/d089ae206bd7a58edd27e2b4d3689eedc26f6a98c46b1c5d1ba852a9c5dce8b8/sb-vitest/deps/react-router.js?v=2d3cdc2a:4139:26)
    at RenderErrorBoundary (http://localhost:63315/node_modules/.cache/storybook/10.5.10/d089ae206bd7a58edd27e2b4d3689eedc26f6a98c46b1c5d1ba852a9c5dce8b8/sb-vitest/deps/react-router.js?v=2d3cdc2a:4073:3)
    at DataRoutes2 (http://localhost:63315/node_modules/.cache/storybook/10.5.10/d089ae206bd7a58edd27e2b4d3689eedc26f6a98c46b1c5d1ba852a9c5dce8b8/sb-vitest/deps/react-router.js?v=2d3cdc2a:4706:24)
    at Router (http://localhost:63315/node_modules/.cache/storybook/10.5.10/d089ae206bd7a58edd27e2b4d3689eedc26f6a98c46b1c5d1ba852a9c5dce8b8/sb-vitest/deps/react-router.js?v=2d3cdc2a:4771:29)
    at RouterProvider (http://localhost:63315/node_modules/.cache/storybook/10.5.10/d089ae206bd7a58edd27e2b4d3689eedc26f6a98c46b1c5d1ba852a9c5dce8b8/sb-vitest/deps/react-router.js?v=2d3cdc2a:4516:27)
    at unboundStoryFn (http://localhost:63315/node_modules/.cache/storybook/10.5.10/d089ae206bd7a58edd27e2b4d3689eedc26f6a98c46b1c5d1ba852a9c5dce8b8/sb-vitest/deps/csf-B8OjfbGV.js?v=2d3cdc2a:8788:243)
10:57:46 am [vite] [31m[2m(client)[22m[39m [2m[console.error] [22mWarning: An update to DatePicker inside a test was not wrapped in act(...).

When testing, code that causes React state updates should be wrapped into act(...):

act(() => {
  /* fire events that update state */
});
/* assert on the output */

This ensures that you're testing the behavior the user would see in the browser. Learn more at https://reactjs.org/link/wrap-tests-with-act
    at DatePicker (http://localhost:63315/ClientApp/src/components/Inputs/DatePicker/index.tsx:10:10)
    at div
    at http://localhost:63315/node_modules/.cache/storybook/10.5.10/d089ae206bd7a58edd27e2b4d3689eedc26f6a98c46b1c5d1ba852a9c5dce8b8/sb-vitest/deps/react-bootstrap_Row.js?v=2d3cdc2a:10:52
    at InstrumentAndRequest (http://localhost:63315/ClientApp/src/routes/requestForQuote/instrumentAndRequest.tsx:49:10)
    at hookified (http://localhost:63315/node_modules/.cache/storybook/10.5.10/d089ae206bd7a58edd27e2b4d3689eedc26f6a98c46b1c5d1ba852a9c5dce8b8/sb-vitest/deps/csf-B8OjfbGV.js?v=2d3cdc2a:8281:9)
    at form
    at http://localhost:63315/node_modules/.cache/storybook/10.5.10/d089ae206bd7a58edd27e2b4d3689eedc26f6a98c46b1c5d1ba852a9c5dce8b8/sb-vitest/deps/formik.js?v=2d3cdc2a:3385:21
    at Formik (http://localhost:63315/node_modules/.cache/storybook/10.5.10/d089ae206bd7a58edd27e2b4d3689eedc26f6a98c46b1c5d1ba852a9c5dce8b8/sb-vitest/deps/formik.js?v=2d3cdc2a:3190:18)
    at RenderedRoute (http://localhost:63315/node_modules/.cache/storybook/10.5.10/d089ae206bd7a58edd27e2b4d3689eedc26f6a98c46b1c5d1ba852a9c5dce8b8/sb-vitest/deps/react-router.js?v=2d3cdc2a:4139:26)
    at RenderErrorBoundary (http://localhost:63315/node_modules/.cache/storybook/10.5.10/d089ae206bd7a58edd27e2b4d3689eedc26f6a98c46b1c5d1ba852a9c5dce8b8/sb-vitest/deps/react-router.js?v=2d3cdc2a:4073:3)
    at DataRoutes2 (http://localhost:63315/node_modules/.cache/storybook/10.5.10/d089ae206bd7a58edd27e2b4d3689eedc26f6a98c46b1c5d1ba852a9c5dce8b8/sb-vitest/deps/react-router.js?v=2d3cdc2a:4706:24)
    at Router (http://localhost:63315/node_modules/.cache/storybook/10.5.10/d089ae206bd7a58edd27e2b4d3689eedc26f6a98c46b1c5d1ba852a9c5dce8b8/sb-vitest/deps/react-router.js?v=2d3cdc2a:4771:29)
    at RouterProvider (http://localhost:63315/node_modules/.cache/storybook/10.5.10/d089ae206bd7a58edd27e2b4d3689eedc26f6a98c46b1c5d1ba852a9c5dce8b8/sb-vitest/deps/react-router.js?v=2d3cdc2a:4516:27)
    at unboundStoryFn (http://localhost:63315/node_modules/.cache/storybook/10.5.10/d089ae206bd7a58edd27e2b4d3689eedc26f6a98c46b1c5d1ba852a9c5dce8b8/sb-vitest/deps/csf-B8OjfbGV.js?v=2d3cdc2a:8788:243)
stderr | ClientApp/src/routes/requestForQuote/RequestForQuote.stories.tsx > Organisation And Contact Validation
Warning: An update to null inside a test was not wrapped in act(...).

When testing, code that causes React state updates should be wrapped into act(...):

act(() => {
  /* fire events that update state */
});
/* assert on the output */

This ensures that you're testing the behavior the user would see in the browser. Learn more at https://reactjs.org/link/wrap-tests-with-act
    at Gt (http://localhost:63315/node_modules/.cache/storybook/10.5.10/d089ae206bd7a58edd27e2b4d3689eedc26f6a98c46b1c5d1ba852a9c5dce8b8/sb-vitest/deps/react-datepicker.js?v=2d3cdc2a:24789:37)
    at n (http://localhost:63315/node_modules/.cache/storybook/10.5.10/d089ae206bd7a58edd27e2b4d3689eedc26f6a98c46b1c5d1ba852a9c5dce8b8/sb-vitest/deps/react-datepicker.js?v=2d3cdc2a:24806:15)
    at div
    at CustomDatePicker (http://localhost:63315/ClientApp/src/components/Inputs/DatePicker/CustomDatePicker.tsx:10:10)
    at DatePicker (http://localhost:63315/ClientApp/src/components/Inputs/DatePicker/index.tsx:10:10)
    at div
    at http://localhost:63315/node_modules/.cache/storybook/10.5.10/d089ae206bd7a58edd27e2b4d3689eedc26f6a98c46b1c5d1ba852a9c5dce8b8/sb-vitest/deps/react-bootstrap_Row.js?v=2d3cdc2a:10:52
    at InstrumentAndRequest (http://localhost:63315/ClientApp/src/routes/requestForQuote/instrumentAndRequest.tsx:49:10)
    at hookified (http://localhost:63315/node_modules/.cache/storybook/10.5.10/d089ae206bd7a58edd27e2b4d3689eedc26f6a98c46b1c5d1ba852a9c5dce8b8/sb-vitest/deps/csf-B8OjfbGV.js?v=2d3cdc2a:8281:9)
    at form
    at http://localhost:63315/node_modules/.cache/storybook/10.5.10/d089ae206bd7a58edd27e2b4d3689eedc26f6a98c46b1c5d1ba852a9c5dce8b8/sb-vitest/deps/formik.js?v=2d3cdc2a:3385:21
    at Formik (http://localhost:63315/node_modules/.cache/storybook/10.5.10/d089ae206bd7a58edd27e2b4d3689eedc26f6a98c46b1c5d1ba852a9c5dce8b8/sb-vitest/deps/formik.js?v=2d3cdc2a:3190:18)
    at RenderedRoute (http://localhost:63315/node_modules/.cache/storybook/10.5.10/d089ae206bd7a58edd27e2b4d3689eedc26f6a98c46b1c5d1ba852a9c5dce8b8/sb-vitest/deps/react-router.js?v=2d3cdc2a:4139:26)
    at RenderErrorBoundary (http://localhost:63315/node_modules/.cache/storybook/10.5.10/d089ae206bd7a58edd27e2b4d3689eedc26f6a98c46b1c5d1ba852a9c5dce8b8/sb-vitest/deps/react-router.js?v=2d3cdc2a:4073:3)
    at DataRoutes2 (http://localhost:63315/node_modules/.cache/storybook/10.5.10/d089ae206bd7a58edd27e2b4d3689eedc26f6a98c46b1c5d1ba852a9c5dce8b8/sb-vitest/deps/react-router.js?v=2d3cdc2a:4706:24)
    at Router (http://localhost:63315/node_modules/.cache/storybook/10.5.10/d089ae206bd7a58edd27e2b4d3689eedc26f6a98c46b1c5d1ba852a9c5dce8b8/sb-vitest/deps/react-router.js?v=2d3cdc2a:4771:29)
    at RouterProvider (http://localhost:63315/node_modules/.cache/storybook/10.5.10/d089ae206bd7a58edd27e2b4d3689eedc26f6a98c46b1c5d1ba852a9c5dce8b8/sb-vitest/deps/react-router.js?v=2d3cdc2a:4516:27)
    at unboundStoryFn (http://localhost:63315/node_modules/.cache/storybook/10.5.10/d089ae206bd7a58edd27e2b4d3689eedc26f6a98c46b1c5d1ba852a9c5dce8b8/sb-vitest/deps/csf-B8OjfbGV.js?v=2d3cdc2a:8788:243)
stderr | ClientApp/src/routes/requestForQuote/RequestForQuote.stories.tsx > Organisation And Contact Validation
Warning: An update to null inside a test was not wrapped in act(...).

When testing, code that causes React state updates should be wrapped into act(...):

act(() => {
  /* fire events that update state */
});
/* assert on the output */

This ensures that you're testing the behavior the user would see in the browser. Learn more at https://reactjs.org/link/wrap-tests-with-act
    at Gt (http://localhost:63315/node_modules/.cache/storybook/10.5.10/d089ae206bd7a58edd27e2b4d3689eedc26f6a98c46b1c5d1ba852a9c5dce8b8/sb-vitest/deps/react-datepicker.js?v=2d3cdc2a:24789:37)
    at n (http://localhost:63315/node_modules/.cache/storybook/10.5.10/d089ae206bd7a58edd27e2b4d3689eedc26f6a98c46b1c5d1ba852a9c5dce8b8/sb-vitest/deps/react-datepicker.js?v=2d3cdc2a:24806:15)
    at div
    at CustomDatePicker (http://localhost:63315/ClientApp/src/components/Inputs/DatePicker/CustomDatePicker.tsx:10:10)
    at DatePicker (http://localhost:63315/ClientApp/src/components/Inputs/DatePicker/index.tsx:10:10)
    at div
    at http://localhost:63315/node_modules/.cache/storybook/10.5.10/d089ae206bd7a58edd27e2b4d3689eedc26f6a98c46b1c5d1ba852a9c5dce8b8/sb-vitest/deps/react-bootstrap_Row.js?v=2d3cdc2a:10:52
    at InstrumentAndRequest (http://localhost:63315/ClientApp/src/routes/requestForQuote/instrumentAndRequest.tsx:49:10)
    at hookified (http://localhost:63315/node_modules/.cache/storybook/10.5.10/d089ae206bd7a58edd27e2b4d3689eedc26f6a98c46b1c5d1ba852a9c5dce8b8/sb-vitest/deps/csf-B8OjfbGV.js?v=2d3cdc2a:8281:9)
    at form
    at http://localhost:63315/node_modules/.cache/storybook/10.5.10/d089ae206bd7a58edd27e2b4d3689eedc26f6a98c46b1c5d1ba852a9c5dce8b8/sb-vitest/deps/formik.js?v=2d3cdc2a:3385:21
    at Formik (http://localhost:63315/node_modules/.cache/storybook/10.5.10/d089ae206bd7a58edd27e2b4d3689eedc26f6a98c46b1c5d1ba852a9c5dce8b8/sb-vitest/deps/formik.js?v=2d3cdc2a:3190:18)
    at RenderedRoute (http://localhost:63315/node_modules/.cache/storybook/10.5.10/d089ae206bd7a58edd27e2b4d3689eedc26f6a98c46b1c5d1ba852a9c5dce8b8/sb-vitest/deps/react-router.js?v=2d3cdc2a:4139:26)
    at RenderErrorBoundary (http://localhost:63315/node_modules/.cache/storybook/10.5.10/d089ae206bd7a58edd27e2b4d3689eedc26f6a98c46b1c5d1ba852a9c5dce8b8/sb-vitest/deps/react-router.js?v=2d3cdc2a:4073:3)
    at DataRoutes2 (http://localhost:63315/node_modules/.cache/storybook/10.5.10/d089ae206bd7a58edd27e2b4d3689eedc26f6a98c46b1c5d1ba852a9c5dce8b8/sb-vitest/deps/react-router.js?v=2d3cdc2a:4706:24)
    at Router (http://localhost:63315/node_modules/.cache/storybook/10.5.10/d089ae206bd7a58edd27e2b4d3689eedc26f6a98c46b1c5d1ba852a9c5dce8b8/sb-vitest/deps/react-router.js?v=2d3cdc2a:4771:29)
    at RouterProvider (http://localhost:63315/node_modules/.cache/storybook/10.5.10/d089ae206bd7a58edd27e2b4d3689eedc26f6a98c46b1c5d1ba852a9c5dce8b8/sb-vitest/deps/react-router.js?v=2d3cdc2a:4516:27)
    at unboundStoryFn (http://localhost:63315/node_modules/.cache/storybook/10.5.10/d089ae206bd7a58edd27e2b4d3689eedc26f6a98c46b1c5d1ba852a9c5dce8b8/sb-vitest/deps/csf-B8OjfbGV.js?v=2d3cdc2a:8788:243)
stderr | ClientApp/src/routes/requestForQuote/RequestForQuote.stories.tsx > Organisation And Contact Validation
Warning: An update to HidableField inside a test was not wrapped in act(...).

When testing, code that causes React state updates should be wrapped into act(...):

act(() => {
  /* fire events that update state */
});
/* assert on the output */

This ensures that you're testing the behavior the user would see in the browser. Learn more at https://reactjs.org/link/wrap-tests-with-act
    at HidableField (http://localhost:63315/ClientApp/src/components/forms/HidableField/index.tsx:7:41)
    at div
    at http://localhost:63315/node_modules/.cache/storybook/10.5.10/d089ae206bd7a58edd27e2b4d3689eedc26f6a98c46b1c5d1ba852a9c5dce8b8/sb-vitest/deps/react-bootstrap_Row.js?v=2d3cdc2a:10:52
    at InstrumentAndRequest (http://localhost:63315/ClientApp/src/routes/requestForQuote/instrumentAndRequest.tsx:49:10)
    at hookified (http://localhost:63315/node_modules/.cache/storybook/10.5.10/d089ae206bd7a58edd27e2b4d3689eedc26f6a98c46b1c5d1ba852a9c5dce8b8/sb-vitest/deps/csf-B8OjfbGV.js?v=2d3cdc2a:8281:9)
    at form
    at http://localhost:63315/node_modules/.cache/storybook/10.5.10/d089ae206bd7a58edd27e2b4d3689eedc26f6a98c46b1c5d1ba852a9c5dce8b8/sb-vitest/deps/formik.js?v=2d3cdc2a:3385:21
    at Formik (http://localhost:63315/node_modules/.cache/storybook/10.5.10/d089ae206bd7a58edd27e2b4d3689eedc26f6a98c46b1c5d1ba852a9c5dce8b8/sb-vitest/deps/formik.js?v=2d3cdc2a:3190:18)
    at RenderedRoute (http://localhost:63315/node_modules/.cache/storybook/10.5.10/d089ae206bd7a58edd27e2b4d3689eedc26f6a98c46b1c5d1ba852a9c5dce8b8/sb-vitest/deps/react-router.js?v=2d3cdc2a:4139:26)
    at RenderErrorBoundary (http://localhost:63315/node_modules/.cache/storybook/10.5.10/d089ae206bd7a58edd27e2b4d3689eedc26f6a98c46b1c5d1ba852a9c5dce8b8/sb-vitest/deps/react-router.js?v=2d3cdc2a:4073:3)
    at DataRoutes2 (http://localhost:63315/node_modules/.cache/storybook/10.5.10/d089ae206bd7a58edd27e2b4d3689eedc26f6a98c46b1c5d1ba852a9c5dce8b8/sb-vitest/deps/react-router.js?v=2d3cdc2a:4706:24)
    at Router (http://localhost:63315/node_modules/.cache/storybook/10.5.10/d089ae206bd7a58edd27e2b4d3689eedc26f6a98c46b1c5d1ba852a9c5dce8b8/sb-vitest/deps/react-router.js?v=2d3cdc2a:4771:29)
    at RouterProvider (http://localhost:63315/node_modules/.cache/storybook/10.5.10/d089ae206bd7a58edd27e2b4d3689eedc26f6a98c46b1c5d1ba852a9c5dce8b8/sb-vitest/deps/react-router.js?v=2d3cdc2a:4516:27)
    at unboundStoryFn (http://localhost:63315/node_modules/.cache/storybook/10.5.10/d089ae206bd7a58edd27e2b4d3689eedc26f6a98c46b1c5d1ba852a9c5dce8b8/sb-vitest/deps/csf-B8OjfbGV.js?v=2d3cdc2a:8788:243)
stderr | ClientApp/src/routes/requestForQuote/RequestForQuote.stories.tsx > Organisation And Contact Validation
Warning: An update to NumberFormatBase inside a test was not wrapped in act(...).

When testing, code that causes React state updates should be wrapped into act(...):

act(() => {
  /* fire events that update state */
});
/* assert on the output */

This ensures that you're testing the behavior the user would see in the browser. Learn more at https://reactjs.org/link/wrap-tests-with-act
    at NumberFormatBase (http://localhost:63315/node_modules/.cache/storybook/10.5.10/d089ae206bd7a58edd27e2b4d3689eedc26f6a98c46b1c5d1ba852a9c5dce8b8/sb-vitest/deps/react-number-format.js?v=2d3cdc2a:398:19)
    at NumericFormat (http://localhost:63315/node_modules/.cache/storybook/10.5.10/d089ae206bd7a58edd27e2b4d3689eedc26f6a98c46b1c5d1ba852a9c5dce8b8/sb-vitest/deps/react-number-format.js?v=2d3cdc2a:1024:27)
    at div
    at http://localhost:63315/node_modules/.cache/storybook/10.5.10/d089ae206bd7a58edd27e2b4d3689eedc26f6a98c46b1c5d1ba852a9c5dce8b8/sb-vitest/deps/Form-Bhe6QYJ3.js?v=2d3cdc2a:208:58
    at NumberInput (http://localhost:63315/ClientApp/src/components/Inputs/NumberInput/index.tsx:11:24)
    at div
    at http://localhost:63315/node_modules/.cache/storybook/10.5.10/d089ae206bd7a58edd27e2b4d3689eedc26f6a98c46b1c5d1ba852a9c5dce8b8/sb-vitest/deps/react-bootstrap_Row.js?v=2d3cdc2a:10:52
    at InstrumentAndRequest (http://localhost:63315/ClientApp/src/routes/requestForQuote/instrumentAndRequest.tsx:49:10)
    at hookified (http://localhost:63315/node_modules/.cache/storybook/10.5.10/d089ae206bd7a58edd27e2b4d3689eedc26f6a98c46b1c5d1ba852a9c5dce8b8/sb-vitest/deps/csf-B8OjfbGV.js?v=2d3cdc2a:8281:9)
    at form
    at http://localhost:63315/node_modules/.cache/storybook/10.5.10/d089ae206bd7a58edd27e2b4d3689eedc26f6a98c46b1c5d1ba852a9c5dce8b8/sb-vitest/deps/formik.js?v=2d3cdc2a:3385:21
    at Formik (http://localhost:63315/node_modules/.cache/storybook/10.5.10/d089ae206bd7a58edd27e2b4d3689eedc26f6a98c46b1c5d1ba852a9c5dce8b8/sb-vitest/deps/formik.js?v=2d3cdc2a:3190:18)
    at RenderedRoute (http://localhost:63315/node_modules/.cache/storybook/10.5.10/d089ae206bd7a58edd27e2b4d3689eedc26f6a98c46b1c5d1ba852a9c5dce8b8/sb-vitest/deps/react-router.js?v=2d3cdc2a:4139:26)
    at RenderErrorBoundary (http://localhost:63315/node_modules/.cache/storybook/10.5.10/d089ae206bd7a58edd27e2b4d3689eedc26f6a98c46b1c5d1ba852a9c5dce8b8/sb-vitest/deps/react-router.js?v=2d3cdc2a:4073:3)
    at DataRoutes2 (http://localhost:63315/node_modules/.cache/storybook/10.5.10/d089ae206bd7a58edd27e2b4d3689eedc26f6a98c46b1c5d1ba852a9c5dce8b8/sb-vitest/deps/react-router.js?v=2d3cdc2a:4706:24)
    at Router (http://localhost:63315/node_modules/.cache/storybook/10.5.10/d089ae206bd7a58edd27e2b4d3689eedc26f6a98c46b1c5d1ba852a9c5dce8b8/sb-vitest/deps/react-router.js?v=2d3cdc2a:4771:29)
    at RouterProvider (http://localhost:63315/node_modules/.cache/storybook/10.5.10/d089ae206bd7a58edd27e2b4d3689eedc26f6a98c46b1c5d1ba852a9c5dce8b8/sb-vitest/deps/react-router.js?v=2d3cdc2a:4516:27)
    at unboundStoryFn (http://localhost:63315/node_modules/.cache/storybook/10.5.10/d089ae206bd7a58edd27e2b4d3689eedc26f6a98c46b1c5d1ba852a9c5dce8b8/sb-vitest/deps/csf-B8OjfbGV.js?v=2d3cdc2a:8788:243)
stderr | ClientApp/src/routes/requestForQuote/RequestForQuote.stories.tsx > Organisation And Contact Validation
Warning: An update to DatePicker inside a test was not wrapped in act(...).

When testing, code that causes React state updates should be wrapped into act(...):

act(() => {
  /* fire events that update state */
});
/* assert on the output */

This ensures that you're testing the behavior the user would see in the browser. Learn more at https://reactjs.org/link/wrap-tests-with-act
    at DatePicker (http://localhost:63315/ClientApp/src/components/Inputs/DatePicker/index.tsx:10:10)
    at div
    at http://localhost:63315/node_modules/.cache/storybook/10.5.10/d089ae206bd7a58edd27e2b4d3689eedc26f6a98c46b1c5d1ba852a9c5dce8b8/sb-vitest/deps/react-bootstrap_Row.js?v=2d3cdc2a:10:52
    at InstrumentAndRequest (http://localhost:63315/ClientApp/src/routes/requestForQuote/instrumentAndRequest.tsx:49:10)
    at hookified (http://localhost:63315/node_modules/.cache/storybook/10.5.10/d089ae206bd7a58edd27e2b4d3689eedc26f6a98c46b1c5d1ba852a9c5dce8b8/sb-vitest/deps/csf-B8OjfbGV.js?v=2d3cdc2a:8281:9)
    at form
    at http://localhost:63315/node_modules/.cache/storybook/10.5.10/d089ae206bd7a58edd27e2b4d3689eedc26f6a98c46b1c5d1ba852a9c5dce8b8/sb-vitest/deps/formik.js?v=2d3cdc2a:3385:21
    at Formik (http://localhost:63315/node_modules/.cache/storybook/10.5.10/d089ae206bd7a58edd27e2b4d3689eedc26f6a98c46b1c5d1ba852a9c5dce8b8/sb-vitest/deps/formik.js?v=2d3cdc2a:3190:18)
    at RenderedRoute (http://localhost:63315/node_modules/.cache/storybook/10.5.10/d089ae206bd7a58edd27e2b4d3689eedc26f6a98c46b1c5d1ba852a9c5dce8b8/sb-vitest/deps/react-router.js?v=2d3cdc2a:4139:26)
    at RenderErrorBoundary (http://localhost:63315/node_modules/.cache/storybook/10.5.10/d089ae206bd7a58edd27e2b4d3689eedc26f6a98c46b1c5d1ba852a9c5dce8b8/sb-vitest/deps/react-router.js?v=2d3cdc2a:4073:3)
    at DataRoutes2 (http://localhost:63315/node_modules/.cache/storybook/10.5.10/d089ae206bd7a58edd27e2b4d3689eedc26f6a98c46b1c5d1ba852a9c5dce8b8/sb-vitest/deps/react-router.js?v=2d3cdc2a:4706:24)
    at Router (http://localhost:63315/node_modules/.cache/storybook/10.5.10/d089ae206bd7a58edd27e2b4d3689eedc26f6a98c46b1c5d1ba852a9c5dce8b8/sb-vitest/deps/react-router.js?v=2d3cdc2a:4771:29)
    at RouterProvider (http://localhost:63315/node_modules/.cache/storybook/10.5.10/d089ae206bd7a58edd27e2b4d3689eedc26f6a98c46b1c5d1ba852a9c5dce8b8/sb-vitest/deps/react-router.js?v=2d3cdc2a:4516:27)
    at unboundStoryFn (http://localhost:63315/node_modules/.cache/storybook/10.5.10/d089ae206bd7a58edd27e2b4d3689eedc26f6a98c46b1c5d1ba852a9c5dce8b8/sb-vitest/deps/csf-B8OjfbGV.js?v=2d3cdc2a:8788:243)
10:57:46 am [vite] [31m[2m(client)[22m[39m [2m[console.error] [22mWarning: An update to n inside a test was not wrapped in act(...).

When testing, code that causes React state updates should be wrapped into act(...):

act(() => {
  /* fire events that update state */
});
/* assert on the output */

This ensures that you're testing the behavior the user would see in the browser. Learn more at https://reactjs.org/link/wrap-tests-with-act
    at n (http://localhost:63315/node_modules/.cache/storybook/10.5.10/d089ae206bd7a58edd27e2b4d3689eedc26f6a98c46b1c5d1ba852a9c5dce8b8/sb-vitest/deps/react-datepicker.js?v=2d3cdc2a:24806:15)
    at div
    at CustomDatePicker (http://localhost:63315/ClientApp/src/components/Inputs/DatePicker/CustomDatePicker.tsx:10:10)
    at DatePicker (http://localhost:63315/ClientApp/src/components/Inputs/DatePicker/index.tsx:10:10)
    at div
    at http://localhost:63315/node_modules/.cache/storybook/10.5.10/d089ae206bd7a58edd27e2b4d3689eedc26f6a98c46b1c5d1ba852a9c5dce8b8/sb-vitest/deps/react-bootstrap_Row.js?v=2d3cdc2a:10:52
    at InstrumentAndRequest (http://localhost:63315/ClientApp/src/routes/requestForQuote/instrumentAndRequest.tsx:49:10)
    at hookified (http://localhost:63315/node_modules/.cache/storybook/10.5.10/d089ae206bd7a58edd27e2b4d3689eedc26f6a98c46b1c5d1ba852a9c5dce8b8/sb-vitest/deps/csf-B8OjfbGV.js?v=2d3cdc2a:8281:9)
    at form
    at http://localhost:63315/node_modules/.cache/storybook/10.5.10/d089ae206bd7a58edd27e2b4d3689eedc26f6a98c46b1c5d1ba852a9c5dce8b8/sb-vitest/deps/formik.js?v=2d3cdc2a:3385:21
    at Formik (http://localhost:63315/node_modules/.cache/storybook/10.5.10/d089ae206bd7a58edd27e2b4d3689eedc26f6a98c46b1c5d1ba852a9c5dce8b8/sb-vitest/deps/formik.js?v=2d3cdc2a:3190:18)
    at RenderedRoute (http://localhost:63315/node_modules/.cache/storybook/10.5.10/d089ae206bd7a58edd27e2b4d3689eedc26f6a98c46b1c5d1ba852a9c5dce8b8/sb-vitest/deps/react-router.js?v=2d3cdc2a:4139:26)
    at RenderErrorBoundary (http://localhost:63315/node_modules/.cache/storybook/10.5.10/d089ae206bd7a58edd27e2b4d3689eedc26f6a98c46b1c5d1ba852a9c5dce8b8/sb-vitest/deps/react-router.js?v=2d3cdc2a:4073:3)
    at DataRoutes2 (http://localhost:63315/node_modules/.cache/storybook/10.5.10/d089ae206bd7a58edd27e2b4d3689eedc26f6a98c46b1c5d1ba852a9c5dce8b8/sb-vitest/deps/react-router.js?v=2d3cdc2a:4706:24)
    at Router (http://localhost:63315/node_modules/.cache/storybook/10.5.10/d089ae206bd7a58edd27e2b4d3689eedc26f6a98c46b1c5d1ba852a9c5dce8b8/sb-vitest/deps/react-router.js?v=2d3cdc2a:4771:29)
    at RouterProvider (http://localhost:63315/node_modules/.cache/storybook/10.5.10/d089ae206bd7a58edd27e2b4d3689eedc26f6a98c46b1c5d1ba852a9c5dce8b8/sb-vitest/deps/react-router.js?v=2d3cdc2a:4516:27)
    at unboundStoryFn (http://localhost:63315/node_modules/.cache/storybook/10.5.10/d089ae206bd7a58edd27e2b4d3689eedc26f6a98c46b1c5d1ba852a9c5dce8b8/sb-vitest/deps/csf-B8OjfbGV.js?v=2d3cdc2a:8788:243)
stderr | ClientApp/src/routes/requestForQuote/RequestForQuote.stories.tsx > Organisation And Contact Validation
Warning: An update to n inside a test was not wrapped in act(...).

When testing, code that causes React state updates should be wrapped into act(...):

act(() => {
  /* fire events that update state */
});
/* assert on the output */

This ensures that you're testing the behavior the user would see in the browser. Learn more at https://reactjs.org/link/wrap-tests-with-act
    at n (http://localhost:63315/node_modules/.cache/storybook/10.5.10/d089ae206bd7a58edd27e2b4d3689eedc26f6a98c46b1c5d1ba852a9c5dce8b8/sb-vitest/deps/react-datepicker.js?v=2d3cdc2a:24806:15)
    at div
    at CustomDatePicker (http://localhost:63315/ClientApp/src/components/Inputs/DatePicker/CustomDatePicker.tsx:10:10)
    at DatePicker (http://localhost:63315/ClientApp/src/components/Inputs/DatePicker/index.tsx:10:10)
    at div
    at http://localhost:63315/node_modules/.cache/storybook/10.5.10/d089ae206bd7a58edd27e2b4d3689eedc26f6a98c46b1c5d1ba852a9c5dce8b8/sb-vitest/deps/react-bootstrap_Row.js?v=2d3cdc2a:10:52
    at InstrumentAndRequest (http://localhost:63315/ClientApp/src/routes/requestForQuote/instrumentAndRequest.tsx:49:10)
    at hookified (http://localhost:63315/node_modules/.cache/storybook/10.5.10/d089ae206bd7a58edd27e2b4d3689eedc26f6a98c46b1c5d1ba852a9c5dce8b8/sb-vitest/deps/csf-B8OjfbGV.js?v=2d3cdc2a:8281:9)
    at form
    at http://localhost:63315/node_modules/.cache/storybook/10.5.10/d089ae206bd7a58edd27e2b4d3689eedc26f6a98c46b1c5d1ba852a9c5dce8b8/sb-vitest/deps/formik.js?v=2d3cdc2a:3385:21
    at Formik (http://localhost:63315/node_modules/.cache/storybook/10.5.10/d089ae206bd7a58edd27e2b4d3689eedc26f6a98c46b1c5d1ba852a9c5dce8b8/sb-vitest/deps/formik.js?v=2d3cdc2a:3190:18)
    at RenderedRoute (http://localhost:63315/node_modules/.cache/storybook/10.5.10/d089ae206bd7a58edd27e2b4d3689eedc26f6a98c46b1c5d1ba852a9c5dce8b8/sb-vitest/deps/react-router.js?v=2d3cdc2a:4139:26)
    at RenderErrorBoundary (http://localhost:63315/node_modules/.cache/storybook/10.5.10/d089ae206bd7a58edd27e2b4d3689eedc26f6a98c46b1c5d1ba852a9c5dce8b8/sb-vitest/deps/react-router.js?v=2d3cdc2a:4073:3)
    at DataRoutes2 (http://localhost:63315/node_modules/.cache/storybook/10.5.10/d089ae206bd7a58edd27e2b4d3689eedc26f6a98c46b1c5d1ba852a9c5dce8b8/sb-vitest/deps/react-router.js?v=2d3cdc2a:4706:24)
    at Router (http://localhost:63315/node_modules/.cache/storybook/10.5.10/d089ae206bd7a58edd27e2b4d3689eedc26f6a98c46b1c5d1ba852a9c5dce8b8/sb-vitest/deps/react-router.js?v=2d3cdc2a:4771:29)
    at RouterProvider (http://localhost:63315/node_modules/.cache/storybook/10.5.10/d089ae206bd7a58edd27e2b4d3689eedc26f6a98c46b1c5d1ba852a9c5dce8b8/sb-vitest/deps/react-router.js?v=2d3cdc2a:4516:27)
    at unboundStoryFn (http://localhost:63315/node_modules/.cache/storybook/10.5.10/d089ae206bd7a58edd27e2b4d3689eedc26f6a98c46b1c5d1ba852a9c5dce8b8/sb-vitest/deps/csf-B8OjfbGV.js?v=2d3cdc2a:8788:243)
stderr | ClientApp/src/routes/requestForQuote/RequestForQuote.stories.tsx > Organisation And Contact Validation
Warning: An update to CustomDatePicker inside a test was not wrapped in act(...).

When testing, code that causes React state updates should be wrapped into act(...):

act(() => {
  /* fire events that update state */
});
/* assert on the output */

This ensures that you're testing the behavior the user would see in the browser. Learn more at https://reactjs.org/link/wrap-tests-with-act
    at CustomDatePicker (http://localhost:63315/ClientApp/src/components/Inputs/DatePicker/CustomDatePicker.tsx:10:10)
    at DatePicker (http://localhost:63315/ClientApp/src/components/Inputs/DatePicker/index.tsx:10:10)
    at div
    at http://localhost:63315/node_modules/.cache/storybook/10.5.10/d089ae206bd7a58edd27e2b4d3689eedc26f6a98c46b1c5d1ba852a9c5dce8b8/sb-vitest/deps/react-bootstrap_Row.js?v=2d3cdc2a:10:52
    at InstrumentAndRequest (http://localhost:63315/ClientApp/src/routes/requestForQuote/instrumentAndRequest.tsx:49:10)
    at hookified (http://localhost:63315/node_modules/.cache/storybook/10.5.10/d089ae206bd7a58edd27e2b4d3689eedc26f6a98c46b1c5d1ba852a9c5dce8b8/sb-vitest/deps/csf-B8OjfbGV.js?v=2d3cdc2a:8281:9)
    at form
    at http://localhost:63315/node_modules/.cache/storybook/10.5.10/d089ae206bd7a58edd27e2b4d3689eedc26f6a98c46b1c5d1ba852a9c5dce8b8/sb-vitest/deps/formik.js?v=2d3cdc2a:3385:21
    at Formik (http://localhost:63315/node_modules/.cache/storybook/10.5.10/d089ae206bd7a58edd27e2b4d3689eedc26f6a98c46b1c5d1ba852a9c5dce8b8/sb-vitest/deps/formik.js?v=2d3cdc2a:3190:18)
    at RenderedRoute (http://localhost:63315/node_modules/.cache/storybook/10.5.10/d089ae206bd7a58edd27e2b4d3689eedc26f6a98c46b1c5d1ba852a9c5dce8b8/sb-vitest/deps/react-router.js?v=2d3cdc2a:4139:26)
    at RenderErrorBoundary (http://localhost:63315/node_modules/.cache/storybook/10.5.10/d089ae206bd7a58edd27e2b4d3689eedc26f6a98c46b1c5d1ba852a9c5dce8b8/sb-vitest/deps/react-router.js?v=2d3cdc2a:4073:3)
    at DataRoutes2 (http://localhost:63315/node_modules/.cache/storybook/10.5.10/d089ae206bd7a58edd27e2b4d3689eedc26f6a98c46b1c5d1ba852a9c5dce8b8/sb-vitest/deps/react-router.js?v=2d3cdc2a:4706:24)
    at Router (http://localhost:63315/node_modules/.cache/storybook/10.5.10/d089ae206bd7a58edd27e2b4d3689eedc26f6a98c46b1c5d1ba852a9c5dce8b8/sb-vitest/deps/react-router.js?v=2d3cdc2a:4771:29)
    at RouterProvider (http://localhost:63315/node_modules/.cache/storybook/10.5.10/d089ae206bd7a58edd27e2b4d3689eedc26f6a98c46b1c5d1ba852a9c5dce8b8/sb-vitest/deps/react-router.js?v=2d3cdc2a:4516:27)
    at unboundStoryFn (http://localhost:63315/node_modules/.cache/storybook/10.5.10/d089ae206bd7a58edd27e2b4d3689eedc26f6a98c46b1c5d1ba852a9c5dce8b8/sb-vitest/deps/csf-B8OjfbGV.js?v=2d3cdc2a:8788:243)
10:57:46 am [vite] [31m[2m(client)[22m[39m [2m[console.error] [22mWarning: An update to CustomDatePicker inside a test was not wrapped in act(...).

When testing, code that causes React state updates should be wrapped into act(...):

act(() => {
  /* fire events that update state */
});
/* assert on the output */

This ensures that you're testing the behavior the user would see in the browser. Learn more at https://reactjs.org/link/wrap-tests-with-act
    at CustomDatePicker (http://localhost:63315/ClientApp/src/components/Inputs/DatePicker/CustomDatePicker.tsx:10:10)
    at DatePicker (http://localhost:63315/ClientApp/src/components/Inputs/DatePicker/index.tsx:10:10)
    at div
    at http://localhost:63315/node_modules/.cache/storybook/10.5.10/d089ae206bd7a58edd27e2b4d3689eedc26f6a98c46b1c5d1ba852a9c5dce8b8/sb-vitest/deps/react-bootstrap_Row.js?v=2d3cdc2a:10:52
    at InstrumentAndRequest (http://localhost:63315/ClientApp/src/routes/requestForQuote/instrumentAndRequest.tsx:49:10)
    at hookified (http://localhost:63315/node_modules/.cache/storybook/10.5.10/d089ae206bd7a58edd27e2b4d3689eedc26f6a98c46b1c5d1ba852a9c5dce8b8/sb-vitest/deps/csf-B8OjfbGV.js?v=2d3cdc2a:8281:9)
    at form
    at http://localhost:63315/node_modules/.cache/storybook/10.5.10/d089ae206bd7a58edd27e2b4d3689eedc26f6a98c46b1c5d1ba852a9c5dce8b8/sb-vitest/deps/formik.js?v=2d3cdc2a:3385:21
    at Formik (http://localhost:63315/node_modules/.cache/storybook/10.5.10/d089ae206bd7a58edd27e2b4d3689eedc26f6a98c46b1c5d1ba852a9c5dce8b8/sb-vitest/deps/formik.js?v=2d3cdc2a:3190:18)
    at RenderedRoute (http://localhost:63315/node_modules/.cache/storybook/10.5.10/d089ae206bd7a58edd27e2b4d3689eedc26f6a98c46b1c5d1ba852a9c5dce8b8/sb-vitest/deps/react-router.js?v=2d3cdc2a:4139:26)
    at RenderErrorBoundary (http://localhost:63315/node_modules/.cache/storybook/10.5.10/d089ae206bd7a58edd27e2b4d3689eedc26f6a98c46b1c5d1ba852a9c5dce8b8/sb-vitest/deps/react-router.js?v=2d3cdc2a:4073:3)
    at DataRoutes2 (http://localhost:63315/node_modules/.cache/storybook/10.5.10/d089ae206bd7a58edd27e2b4d3689eedc26f6a98c46b1c5d1ba852a9c5dce8b8/sb-vitest/deps/react-router.js?v=2d3cdc2a:4706:24)
    at Router (http://localhost:63315/node_modules/.cache/storybook/10.5.10/d089ae206bd7a58edd27e2b4d3689eedc26f6a98c46b1c5d1ba852a9c5dce8b8/sb-vitest/deps/react-router.js?v=2d3cdc2a:4771:29)
    at RouterProvider (http://localhost:63315/node_modules/.cache/storybook/10.5.10/d089ae206bd7a58edd27e2b4d3689eedc26f6a98c46b1c5d1ba852a9c5dce8b8/sb-vitest/deps/react-router.js?v=2d3cdc2a:4516:27)
    at unboundStoryFn (http://localhost:63315/node_modules/.cache/storybook/10.5.10/d089ae206bd7a58edd27e2b4d3689eedc26f6a98c46b1c5d1ba852a9c5dce8b8/sb-vitest/deps/csf-B8OjfbGV.js?v=2d3cdc2a:8788:243)
stderr | ClientApp/src/routes/requestForQuote/RequestForQuote.stories.tsx > Organisation And Contact Validation
Warning: An update to n inside a test was not wrapped in act(...).

When testing, code that causes React state updates should be wrapped into act(...):

act(() => {
  /* fire events that update state */
});
/* assert on the output */

This ensures that you're testing the behavior the user would see in the browser. Learn more at https://reactjs.org/link/wrap-tests-with-act
    at n (http://localhost:63315/node_modules/.cache/storybook/10.5.10/d089ae206bd7a58edd27e2b4d3689eedc26f6a98c46b1c5d1ba852a9c5dce8b8/sb-vitest/deps/react-datepicker.js?v=2d3cdc2a:24806:15)
    at div
    at CustomDatePicker (http://localhost:63315/ClientApp/src/components/Inputs/DatePicker/CustomDatePicker.tsx:10:10)
    at DatePicker (http://localhost:63315/ClientApp/src/components/Inputs/DatePicker/index.tsx:10:10)
    at div
    at http://localhost:63315/node_modules/.cache/storybook/10.5.10/d089ae206bd7a58edd27e2b4d3689eedc26f6a98c46b1c5d1ba852a9c5dce8b8/sb-vitest/deps/react-bootstrap_Row.js?v=2d3cdc2a:10:52
    at InstrumentAndRequest (http://localhost:63315/ClientApp/src/routes/requestForQuote/instrumentAndRequest.tsx:49:10)
    at hookified (http://localhost:63315/node_modules/.cache/storybook/10.5.10/d089ae206bd7a58edd27e2b4d3689eedc26f6a98c46b1c5d1ba852a9c5dce8b8/sb-vitest/deps/csf-B8OjfbGV.js?v=2d3cdc2a:8281:9)
    at form
    at http://localhost:63315/node_modules/.cache/storybook/10.5.10/d089ae206bd7a58edd27e2b4d3689eedc26f6a98c46b1c5d1ba852a9c5dce8b8/sb-vitest/deps/formik.js?v=2d3cdc2a:3385:21
    at Formik (http://localhost:63315/node_modules/.cache/storybook/10.5.10/d089ae206bd7a58edd27e2b4d3689eedc26f6a98c46b1c5d1ba852a9c5dce8b8/sb-vitest/deps/formik.js?v=2d3cdc2a:3190:18)
    at RenderedRoute (http://localhost:63315/node_modules/.cache/storybook/10.5.10/d089ae206bd7a58edd27e2b4d3689eedc26f6a98c46b1c5d1ba852a9c5dce8b8/sb-vitest/deps/react-router.js?v=2d3cdc2a:4139:26)
    at RenderErrorBoundary (http://localhost:63315/node_modules/.cache/storybook/10.5.10/d089ae206bd7a58edd27e2b4d3689eedc26f6a98c46b1c5d1ba852a9c5dce8b8/sb-vitest/deps/react-router.js?v=2d3cdc2a:4073:3)
    at DataRoutes2 (http://localhost:63315/node_modules/.cache/storybook/10.5.10/d089ae206bd7a58edd27e2b4d3689eedc26f6a98c46b1c5d1ba852a9c5dce8b8/sb-vitest/deps/react-router.js?v=2d3cdc2a:4706:24)
    at Router (http://localhost:63315/node_modules/.cache/storybook/10.5.10/d089ae206bd7a58edd27e2b4d3689eedc26f6a98c46b1c5d1ba852a9c5dce8b8/sb-vitest/deps/react-router.js?v=2d3cdc2a:4771:29)
    at RouterProvider (http://localhost:63315/node_modules/.cache/storybook/10.5.10/d089ae206bd7a58edd27e2b4d3689eedc26f6a98c46b1c5d1ba852a9c5dce8b8/sb-vitest/deps/react-router.js?v=2d3cdc2a:4516:27)
    at unboundStoryFn (http://localhost:63315/node_modules/.cache/storybook/10.5.10/d089ae206bd7a58edd27e2b4d3689eedc26f6a98c46b1c5d1ba852a9c5dce8b8/sb-vitest/deps/csf-B8OjfbGV.js?v=2d3cdc2a:8788:243)
stderr | ClientApp/src/routes/requestForQuote/RequestForQuote.stories.tsx > Organisation And Contact Validation
Warning: An update to n inside a test was not wrapped in act(...).

When testing, code that causes React state updates should be wrapped into act(...):

act(() => {
  /* fire events that update state */
});
/* assert on the output */

This ensures that you're testing the behavior the user would see in the browser. Learn more at https://reactjs.org/link/wrap-tests-with-act
    at n (http://localhost:63315/node_modules/.cache/storybook/10.5.10/d089ae206bd7a58edd27e2b4d3689eedc26f6a98c46b1c5d1ba852a9c5dce8b8/sb-vitest/deps/react-datepicker.js?v=2d3cdc2a:24806:15)
    at div
    at CustomDatePicker (http://localhost:63315/ClientApp/src/components/Inputs/DatePicker/CustomDatePicker.tsx:10:10)
    at DatePicker (http://localhost:63315/ClientApp/src/components/Inputs/DatePicker/index.tsx:10:10)
    at div
    at http://localhost:63315/node_modules/.cache/storybook/10.5.10/d089ae206bd7a58edd27e2b4d3689eedc26f6a98c46b1c5d1ba852a9c5dce8b8/sb-vitest/deps/react-bootstrap_Row.js?v=2d3cdc2a:10:52
    at InstrumentAndRequest (http://localhost:63315/ClientApp/src/routes/requestForQuote/instrumentAndRequest.tsx:49:10)
    at hookified (http://localhost:63315/node_modules/.cache/storybook/10.5.10/d089ae206bd7a58edd27e2b4d3689eedc26f6a98c46b1c5d1ba852a9c5dce8b8/sb-vitest/deps/csf-B8OjfbGV.js?v=2d3cdc2a:8281:9)
    at form
    at http://localhost:63315/node_modules/.cache/storybook/10.5.10/d089ae206bd7a58edd27e2b4d3689eedc26f6a98c46b1c5d1ba852a9c5dce8b8/sb-vitest/deps/formik.js?v=2d3cdc2a:3385:21
    at Formik (http://localhost:63315/node_modules/.cache/storybook/10.5.10/d089ae206bd7a58edd27e2b4d3689eedc26f6a98c46b1c5d1ba852a9c5dce8b8/sb-vitest/deps/formik.js?v=2d3cdc2a:3190:18)
    at RenderedRoute (http://localhost:63315/node_modules/.cache/storybook/10.5.10/d089ae206bd7a58edd27e2b4d3689eedc26f6a98c46b1c5d1ba852a9c5dce8b8/sb-vitest/deps/react-router.js?v=2d3cdc2a:4139:26)
    at RenderErrorBoundary (http://localhost:63315/node_modules/.cache/storybook/10.5.10/d089ae206bd7a58edd27e2b4d3689eedc26f6a98c46b1c5d1ba852a9c5dce8b8/sb-vitest/deps/react-router.js?v=2d3cdc2a:4073:3)
    at DataRoutes2 (http://localhost:63315/node_modules/.cache/storybook/10.5.10/d089ae206bd7a58edd27e2b4d3689eedc26f6a98c46b1c5d1ba852a9c5dce8b8/sb-vitest/deps/react-router.js?v=2d3cdc2a:4706:24)
    at Router (http://localhost:63315/node_modules/.cache/storybook/10.5.10/d089ae206bd7a58edd27e2b4d3689eedc26f6a98c46b1c5d1ba852a9c5dce8b8/sb-vitest/deps/react-router.js?v=2d3cdc2a:4771:29)
    at RouterProvider (http://localhost:63315/node_modules/.cache/storybook/10.5.10/d089ae206bd7a58edd27e2b4d3689eedc26f6a98c46b1c5d1ba852a9c5dce8b8/sb-vitest/deps/react-router.js?v=2d3cdc2a:4516:27)
    at unboundStoryFn (http://localhost:63315/node_modules/.cache/storybook/10.5.10/d089ae206bd7a58edd27e2b4d3689eedc26f6a98c46b1c5d1ba852a9c5dce8b8/sb-vitest/deps/csf-B8OjfbGV.js?v=2d3cdc2a:8788:243)
10:57:46 am [vite] [31m[2m(client)[22m[39m [2m[console.error] [22mWarning: An update to n inside a test was not wrapped in act(...).

When testing, code that causes React state updates should be wrapped into act(...):

act(() => {
  /* fire events that update state */
});
/* assert on the output */

This ensures that you're testing the behavior the user would see in the browser. Learn more at https://reactjs.org/link/wrap-tests-with-act
    at n (http://localhost:63315/node_modules/.cache/storybook/10.5.10/d089ae206bd7a58edd27e2b4d3689eedc26f6a98c46b1c5d1ba852a9c5dce8b8/sb-vitest/deps/react-datepicker.js?v=2d3cdc2a:24806:15)
    at div
    at CustomDatePicker (http://localhost:63315/ClientApp/src/components/Inputs/DatePicker/CustomDatePicker.tsx:10:10)
    at DatePicker (http://localhost:63315/ClientApp/src/components/Inputs/DatePicker/index.tsx:10:10)
    at div
    at http://localhost:63315/node_modules/.cache/storybook/10.5.10/d089ae206bd7a58edd27e2b4d3689eedc26f6a98c46b1c5d1ba852a9c5dce8b8/sb-vitest/deps/react-bootstrap_Row.js?v=2d3cdc2a:10:52
    at InstrumentAndRequest (http://localhost:63315/ClientApp/src/routes/requestForQuote/instrumentAndRequest.tsx:49:10)
    at hookified (http://localhost:63315/node_modules/.cache/storybook/10.5.10/d089ae206bd7a58edd27e2b4d3689eedc26f6a98c46b1c5d1ba852a9c5dce8b8/sb-vitest/deps/csf-B8OjfbGV.js?v=2d3cdc2a:8281:9)
    at form
    at http://localhost:63315/node_modules/.cache/storybook/10.5.10/d089ae206bd7a58edd27e2b4d3689eedc26f6a98c46b1c5d1ba852a9c5dce8b8/sb-vitest/deps/formik.js?v=2d3cdc2a:3385:21
    at Formik (http://localhost:63315/node_modules/.cache/storybook/10.5.10/d089ae206bd7a58edd27e2b4d3689eedc26f6a98c46b1c5d1ba852a9c5dce8b8/sb-vitest/deps/formik.js?v=2d3cdc2a:3190:18)
    at RenderedRoute (http://localhost:63315/node_modules/.cache/storybook/10.5.10/d089ae206bd7a58edd27e2b4d3689eedc26f6a98c46b1c5d1ba852a9c5dce8b8/sb-vitest/deps/react-router.js?v=2d3cdc2a:4139:26)
    at RenderErrorBoundary (http://localhost:63315/node_modules/.cache/storybook/10.5.10/d089ae206bd7a58edd27e2b4d3689eedc26f6a98c46b1c5d1ba852a9c5dce8b8/sb-vitest/deps/react-router.js?v=2d3cdc2a:4073:3)
    at DataRoutes2 (http://localhost:63315/node_modules/.cache/storybook/10.5.10/d089ae206bd7a58edd27e2b4d3689eedc26f6a98c46b1c5d1ba852a9c5dce8b8/sb-vitest/deps/react-router.js?v=2d3cdc2a:4706:24)
    at Router (http://localhost:63315/node_modules/.cache/storybook/10.5.10/d089ae206bd7a58edd27e2b4d3689eedc26f6a98c46b1c5d1ba852a9c5dce8b8/sb-vitest/deps/react-router.js?v=2d3cdc2a:4771:29)
    at RouterProvider (http://localhost:63315/node_modules/.cache/storybook/10.5.10/d089ae206bd7a58edd27e2b4d3689eedc26f6a98c46b1c5d1ba852a9c5dce8b8/sb-vitest/deps/react-router.js?v=2d3cdc2a:4516:27)
    at unboundStoryFn (http://localhost:63315/node_modules/.cache/storybook/10.5.10/d089ae206bd7a58edd27e2b4d3689eedc26f6a98c46b1c5d1ba852a9c5dce8b8/sb-vitest/deps/csf-B8OjfbGV.js?v=2d3cdc2a:8788:243)
10:57:46 am [vite] [31m[2m(client)[22m[39m [2m[console.error] [22mWarning: An update to n inside a test was not wrapped in act(...).

When testing, code that causes React state updates should be wrapped into act(...):

act(() => {
  /* fire events that update state */
});
/* assert on the output */

This ensures that you're testing the behavior the user would see in the browser. Learn more at https://reactjs.org/link/wrap-tests-with-act
    at n (http://localhost:63315/node_modules/.cache/storybook/10.5.10/d089ae206bd7a58edd27e2b4d3689eedc26f6a98c46b1c5d1ba852a9c5dce8b8/sb-vitest/deps/react-datepicker.js?v=2d3cdc2a:24806:15)
    at div
    at CustomDatePicker (http://localhost:63315/ClientApp/src/components/Inputs/DatePicker/CustomDatePicker.tsx:10:10)
    at DatePicker (http://localhost:63315/ClientApp/src/components/Inputs/DatePicker/index.tsx:10:10)
    at div
    at http://localhost:63315/node_modules/.cache/storybook/10.5.10/d089ae206bd7a58edd27e2b4d3689eedc26f6a98c46b1c5d1ba852a9c5dce8b8/sb-vitest/deps/react-bootstrap_Row.js?v=2d3cdc2a:10:52
    at InstrumentAndRequest (http://localhost:63315/ClientApp/src/routes/requestForQuote/instrumentAndRequest.tsx:49:10)
    at hookified (http://localhost:63315/node_modules/.cache/storybook/10.5.10/d089ae206bd7a58edd27e2b4d3689eedc26f6a98c46b1c5d1ba852a9c5dce8b8/sb-vitest/deps/csf-B8OjfbGV.js?v=2d3cdc2a:8281:9)
    at form
    at http://localhost:63315/node_modules/.cache/storybook/10.5.10/d089ae206bd7a58edd27e2b4d3689eedc26f6a98c46b1c5d1ba852a9c5dce8b8/sb-vitest/deps/formik.js?v=2d3cdc2a:3385:21
    at Formik (http://localhost:63315/node_modules/.cache/storybook/10.5.10/d089ae206bd7a58edd27e2b4d3689eedc26f6a98c46b1c5d1ba852a9c5dce8b8/sb-vitest/deps/formik.js?v=2d3cdc2a:3190:18)
    at RenderedRoute (http://localhost:63315/node_modules/.cache/storybook/10.5.10/d089ae206bd7a58edd27e2b4d3689eedc26f6a98c46b1c5d1ba852a9c5dce8b8/sb-vitest/deps/react-router.js?v=2d3cdc2a:4139:26)
    at RenderErrorBoundary (http://localhost:63315/node_modules/.cache/storybook/10.5.10/d089ae206bd7a58edd27e2b4d3689eedc26f6a98c46b1c5d1ba852a9c5dce8b8/sb-vitest/deps/react-router.js?v=2d3cdc2a:4073:3)
    at DataRoutes2 (http://localhost:63315/node_modules/.cache/storybook/10.5.10/d089ae206bd7a58edd27e2b4d3689eedc26f6a98c46b1c5d1ba852a9c5dce8b8/sb-vitest/deps/react-router.js?v=2d3cdc2a:4706:24)
    at Router (http://localhost:63315/node_modules/.cache/storybook/10.5.10/d089ae206bd7a58edd27e2b4d3689eedc26f6a98c46b1c5d1ba852a9c5dce8b8/sb-vitest/deps/react-router.js?v=2d3cdc2a:4771:29)
    at RouterProvider (http://localhost:63315/node_modules/.cache/storybook/10.5.10/d089ae206bd7a58edd27e2b4d3689eedc26f6a98c46b1c5d1ba852a9c5dce8b8/sb-vitest/deps/react-router.js?v=2d3cdc2a:4516:27)
    at unboundStoryFn (http://localhost:63315/node_modules/.cache/storybook/10.5.10/d089ae206bd7a58edd27e2b4d3689eedc26f6a98c46b1c5d1ba852a9c5dce8b8/sb-vitest/deps/csf-B8OjfbGV.js?v=2d3cdc2a:8788:243)
 ✓ |storybook (chromium)| ClientApp/src/routes/requestForQuote/RequestForQuote.stories.tsx (4 tests) 547ms
   ✓ Organisation And Contact Step  418ms

 Test Files  1 passed (1)
      Tests  4 passed (4)
   Start at  10:57:39
   Duration  6.45s (transform 0ms, setup 3.26s, import 483ms, tests 547ms, environment 0ms)

